[2026-03-27T16:27:16.344+0000] {taskinstance.py:1956} INFO - Dependencies all met for dep_context=non-requeueable deps ti=<TaskInstance: pipeline_ETL.transform_data manual__2026-03-27T16:24:17.871112+00:00 [queued]>
[2026-03-27T16:27:16.395+0000] {taskinstance.py:1956} INFO - Dependencies all met for dep_context=requeueable deps ti=<TaskInstance: pipeline_ETL.transform_data manual__2026-03-27T16:24:17.871112+00:00 [queued]>
[2026-03-27T16:27:16.398+0000] {taskinstance.py:2170} INFO - Starting attempt 1 of 3
[2026-03-27T16:27:16.495+0000] {taskinstance.py:2191} INFO - Executing <Task(BashOperator): transform_data> on 2026-03-27 16:24:17.871112+00:00
[2026-03-27T16:27:16.513+0000] {standard_task_runner.py:60} INFO - Started process 667 to run task
[2026-03-27T16:27:16.532+0000] {standard_task_runner.py:87} INFO - Running: ['***', 'tasks', 'run', 'pipeline_ETL', 'transform_data', 'manual__2026-03-27T16:24:17.871112+00:00', '--job-id', '53', '--raw', '--subdir', 'DAGS_FOLDER/ETL_pipeline.py', '--cfg-path', '/tmp/tmpesdkxkzy']
[2026-03-27T16:27:16.542+0000] {standard_task_runner.py:88} INFO - Job 53: Subtask transform_data
[2026-03-27T16:27:16.854+0000] {task_command.py:423} INFO - Running <TaskInstance: pipeline_ETL.transform_data manual__2026-03-27T16:24:17.871112+00:00 [running]> on host 57dd1bcf62af
[2026-03-27T16:27:20.370+0000] {taskinstance.py:2480} INFO - Exporting env vars: AIRFLOW_CTX_DAG_OWNER='ETL_TBD_ATUT_2026' AIRFLOW_CTX_DAG_ID='pipeline_ETL' AIRFLOW_CTX_TASK_ID='transform_data' AIRFLOW_CTX_EXECUTION_DATE='2026-03-27T16:24:17.871112+00:00' AIRFLOW_CTX_TRY_NUMBER='1' AIRFLOW_CTX_DAG_RUN_ID='manual__2026-03-27T16:24:17.871112+00:00'
[2026-03-27T16:27:20.555+0000] {subprocess.py:63} INFO - Tmp dir root location: /tmp
[2026-03-27T16:27:20.672+0000] {subprocess.py:75} INFO - Running command: ['/usr/bin/bash', '-c', '\n        docker exec -i --user root spark_final bash -c "\n        export SPARK_LOCAL_IP=127.0.0.1\n\n        /opt/spark/bin/spark-submit         --conf spark.driver.host=127.0.0.1         --conf spark.driver.bindAddress=0.0.0.0         --conf spark.local.hostname=localhost         --conf spark.jars.ivy=/tmp/ivy         --conf spark.hadoop.fs.s3a.endpoint=$MINIO_ENDPOINT         --conf spark.hadoop.fs.s3a.access.key=$MINIO_ACCESS_KEY         --conf spark.hadoop.fs.s3a.secret.key=$MINIO_SECRET_KEY         --conf spark.hadoop.fs.s3a.path.style.access=true         --conf spark.hadoop.fs.s3a.impl=org.apache.hadoop.fs.s3a.S3AFileSystem         --packages org.apache.hadoop:hadoop-aws:3.3.4         /opt/spark/jobs/transformation.py\n        "\n        ']
[2026-03-27T16:27:21.556+0000] {subprocess.py:86} INFO - Output:
[2026-03-27T16:28:01.568+0000] {subprocess.py:93} INFO - :: loading settings :: url = jar:file:/opt/spark/jars/ivy-2.5.1.jar!/org/apache/ivy/core/settings/ivysettings.xml
[2026-03-27T16:28:02.093+0000] {subprocess.py:93} INFO - Ivy Default Cache set to: /tmp/ivy/cache
[2026-03-27T16:28:02.096+0000] {subprocess.py:93} INFO - The jars for the packages stored in: /tmp/ivy/jars
[2026-03-27T16:28:02.120+0000] {subprocess.py:93} INFO - org.apache.hadoop#hadoop-aws added as a dependency
[2026-03-27T16:28:02.125+0000] {subprocess.py:93} INFO - :: resolving dependencies :: org.apache.spark#spark-submit-parent-6df4c2aa-7320-4727-848c-1aca0b0600b1;1.0
[2026-03-27T16:28:02.128+0000] {subprocess.py:93} INFO - 	confs: [default]
[2026-03-27T16:28:02.796+0000] {subprocess.py:93} INFO - 	found org.apache.hadoop#hadoop-aws;3.3.4 in central
[2026-03-27T16:28:02.999+0000] {subprocess.py:93} INFO - 	found com.amazonaws#aws-java-sdk-bundle;1.12.262 in central
[2026-03-27T16:28:03.140+0000] {subprocess.py:93} INFO - 	found org.wildfly.openssl#wildfly-openssl;1.0.7.Final in central
[2026-03-27T16:28:03.241+0000] {subprocess.py:93} INFO - :: resolution report :: resolve 1070ms :: artifacts dl 44ms
[2026-03-27T16:28:03.249+0000] {subprocess.py:93} INFO - 	:: modules in use:
[2026-03-27T16:28:03.251+0000] {subprocess.py:93} INFO - 	com.amazonaws#aws-java-sdk-bundle;1.12.262 from central in [default]
[2026-03-27T16:28:03.256+0000] {subprocess.py:93} INFO - 	org.apache.hadoop#hadoop-aws;3.3.4 from central in [default]
[2026-03-27T16:28:03.259+0000] {subprocess.py:93} INFO - 	org.wildfly.openssl#wildfly-openssl;1.0.7.Final from central in [default]
[2026-03-27T16:28:03.261+0000] {subprocess.py:93} INFO - 	---------------------------------------------------------------------
[2026-03-27T16:28:03.266+0000] {subprocess.py:93} INFO - 	|                  |            modules            ||   artifacts   |
[2026-03-27T16:28:03.268+0000] {subprocess.py:93} INFO - 	|       conf       | number| search|dwnlded|evicted|| number|dwnlded|
[2026-03-27T16:28:03.271+0000] {subprocess.py:93} INFO - 	---------------------------------------------------------------------
[2026-03-27T16:28:03.276+0000] {subprocess.py:93} INFO - 	|      default     |   3   |   0   |   0   |   0   ||   3   |   0   |
[2026-03-27T16:28:03.281+0000] {subprocess.py:93} INFO - 	---------------------------------------------------------------------
[2026-03-27T16:28:03.284+0000] {subprocess.py:93} INFO - :: retrieving :: org.apache.spark#spark-submit-parent-6df4c2aa-7320-4727-848c-1aca0b0600b1
[2026-03-27T16:28:03.286+0000] {subprocess.py:93} INFO - 	confs: [default]
[2026-03-27T16:28:03.308+0000] {subprocess.py:93} INFO - 	0 artifacts copied, 3 already retrieved (0kB/33ms)
[2026-03-27T16:28:17.445+0000] {subprocess.py:93} INFO - 26/03/27 16:28:17 WARN NativeCodeLoader: Unable to load native-hadoop library for your platform... using builtin-java classes where applicable
[2026-03-27T16:28:24.354+0000] {subprocess.py:93} INFO - 26/03/27 16:28:24 INFO SparkContext: Running Spark version 3.5.1
[2026-03-27T16:28:24.363+0000] {subprocess.py:93} INFO - 26/03/27 16:28:24 INFO SparkContext: OS info Linux, 6.6.87.2-microsoft-standard-WSL2, amd64
[2026-03-27T16:28:24.370+0000] {subprocess.py:93} INFO - 26/03/27 16:28:24 INFO SparkContext: Java version 11.0.22
[2026-03-27T16:28:24.664+0000] {subprocess.py:93} INFO - 26/03/27 16:28:24 INFO ResourceUtils: ==============================================================
[2026-03-27T16:28:24.670+0000] {subprocess.py:93} INFO - 26/03/27 16:28:24 INFO ResourceUtils: No custom resources configured for spark.driver.
[2026-03-27T16:28:24.677+0000] {subprocess.py:93} INFO - 26/03/27 16:28:24 INFO ResourceUtils: ==============================================================
[2026-03-27T16:28:24.682+0000] {subprocess.py:93} INFO - 26/03/27 16:28:24 INFO SparkContext: Submitted application: Books_ETL
[2026-03-27T16:28:24.829+0000] {subprocess.py:93} INFO - 26/03/27 16:28:24 INFO ResourceProfile: Default ResourceProfile created, executor resources: Map(cores -> name: cores, amount: 1, script: , vendor: , memory -> name: memory, amount: 1024, script: , vendor: , offHeap -> name: offHeap, amount: 0, script: , vendor: ), task resources: Map(cpus -> name: cpus, amount: 1.0)
[2026-03-27T16:28:24.914+0000] {subprocess.py:93} INFO - 26/03/27 16:28:24 INFO ResourceProfile: Limiting resource is cpu
[2026-03-27T16:28:24.919+0000] {subprocess.py:93} INFO - 26/03/27 16:28:24 INFO ResourceProfileManager: Added ResourceProfile id: 0
[2026-03-27T16:28:25.274+0000] {subprocess.py:93} INFO - 26/03/27 16:28:25 INFO SecurityManager: Changing view acls to: root
[2026-03-27T16:28:25.278+0000] {subprocess.py:93} INFO - 26/03/27 16:28:25 INFO SecurityManager: Changing modify acls to: root
[2026-03-27T16:28:25.280+0000] {subprocess.py:93} INFO - 26/03/27 16:28:25 INFO SecurityManager: Changing view acls groups to:
[2026-03-27T16:28:25.285+0000] {subprocess.py:93} INFO - 26/03/27 16:28:25 INFO SecurityManager: Changing modify acls groups to:
[2026-03-27T16:28:25.289+0000] {subprocess.py:93} INFO - 26/03/27 16:28:25 INFO SecurityManager: SecurityManager: authentication disabled; ui acls disabled; users with view permissions: root; groups with view permissions: EMPTY; users with modify permissions: root; groups with modify permissions: EMPTY
[2026-03-27T16:28:26.877+0000] {subprocess.py:93} INFO - 26/03/27 16:28:26 INFO Utils: Successfully started service 'sparkDriver' on port 40507.
[2026-03-27T16:28:27.072+0000] {subprocess.py:93} INFO - 26/03/27 16:28:27 INFO SparkEnv: Registering MapOutputTracker
[2026-03-27T16:28:27.297+0000] {subprocess.py:93} INFO - 26/03/27 16:28:27 INFO SparkEnv: Registering BlockManagerMaster
[2026-03-27T16:28:27.386+0000] {subprocess.py:93} INFO - 26/03/27 16:28:27 INFO BlockManagerMasterEndpoint: Using org.apache.spark.storage.DefaultTopologyMapper for getting topology information
[2026-03-27T16:28:27.390+0000] {subprocess.py:93} INFO - 26/03/27 16:28:27 INFO BlockManagerMasterEndpoint: BlockManagerMasterEndpoint up
[2026-03-27T16:28:27.409+0000] {subprocess.py:93} INFO - 26/03/27 16:28:27 INFO SparkEnv: Registering BlockManagerMasterHeartbeat
[2026-03-27T16:28:27.540+0000] {subprocess.py:93} INFO - 26/03/27 16:28:27 INFO DiskBlockManager: Created local directory at /tmp/blockmgr-40bc48a0-960e-47ce-8a2f-7c4828517fed
[2026-03-27T16:28:27.620+0000] {subprocess.py:93} INFO - 26/03/27 16:28:27 INFO MemoryStore: MemoryStore started with capacity 434.4 MiB
[2026-03-27T16:28:27.696+0000] {subprocess.py:93} INFO - 26/03/27 16:28:27 INFO SparkEnv: Registering OutputCommitCoordinator
[2026-03-27T16:28:28.511+0000] {subprocess.py:93} INFO - 26/03/27 16:28:28 INFO JettyUtils: Start Jetty 127.0.0.1:4040 for SparkUI
[2026-03-27T16:28:28.864+0000] {subprocess.py:93} INFO - 26/03/27 16:28:28 INFO Utils: Successfully started service 'SparkUI' on port 4040.
[2026-03-27T16:28:29.100+0000] {subprocess.py:93} INFO - 26/03/27 16:28:29 INFO SparkContext: Added JAR file:///tmp/ivy/jars/org.apache.hadoop_hadoop-aws-3.3.4.jar at spark://127.0.0.1:40507/jars/org.apache.hadoop_hadoop-aws-3.3.4.jar with timestamp 1774628904286
[2026-03-27T16:28:29.105+0000] {subprocess.py:93} INFO - 26/03/27 16:28:29 INFO SparkContext: Added JAR file:///tmp/ivy/jars/com.amazonaws_aws-java-sdk-bundle-1.12.262.jar at spark://127.0.0.1:40507/jars/com.amazonaws_aws-java-sdk-bundle-1.12.262.jar with timestamp 1774628904286
[2026-03-27T16:28:29.110+0000] {subprocess.py:93} INFO - 26/03/27 16:28:29 INFO SparkContext: Added JAR file:///tmp/ivy/jars/org.wildfly.openssl_wildfly-openssl-1.0.7.Final.jar at spark://127.0.0.1:40507/jars/org.wildfly.openssl_wildfly-openssl-1.0.7.Final.jar with timestamp 1774628904286
[2026-03-27T16:28:29.128+0000] {subprocess.py:93} INFO - 26/03/27 16:28:29 INFO SparkContext: Added file file:///tmp/ivy/jars/org.apache.hadoop_hadoop-aws-3.3.4.jar at file:///tmp/ivy/jars/org.apache.hadoop_hadoop-aws-3.3.4.jar with timestamp 1774628904286
[2026-03-27T16:28:29.140+0000] {subprocess.py:93} INFO - 26/03/27 16:28:29 INFO Utils: Copying /tmp/ivy/jars/org.apache.hadoop_hadoop-aws-3.3.4.jar to /tmp/spark-51620a45-aabe-4e36-b08c-272c93d6b85c/userFiles-59e3ab52-6708-42b4-bdd9-b243990008f0/org.apache.hadoop_hadoop-aws-3.3.4.jar
[2026-03-27T16:28:29.253+0000] {subprocess.py:93} INFO - 26/03/27 16:28:29 INFO SparkContext: Added file file:///tmp/ivy/jars/com.amazonaws_aws-java-sdk-bundle-1.12.262.jar at file:///tmp/ivy/jars/com.amazonaws_aws-java-sdk-bundle-1.12.262.jar with timestamp 1774628904286
[2026-03-27T16:28:29.260+0000] {subprocess.py:93} INFO - 26/03/27 16:28:29 INFO Utils: Copying /tmp/ivy/jars/com.amazonaws_aws-java-sdk-bundle-1.12.262.jar to /tmp/spark-51620a45-aabe-4e36-b08c-272c93d6b85c/userFiles-59e3ab52-6708-42b4-bdd9-b243990008f0/com.amazonaws_aws-java-sdk-bundle-1.12.262.jar
[2026-03-27T16:28:35.358+0000] {subprocess.py:93} INFO - 26/03/27 16:28:35 INFO SparkContext: Added file file:///tmp/ivy/jars/org.wildfly.openssl_wildfly-openssl-1.0.7.Final.jar at file:///tmp/ivy/jars/org.wildfly.openssl_wildfly-openssl-1.0.7.Final.jar with timestamp 1774628904286
[2026-03-27T16:28:35.360+0000] {subprocess.py:93} INFO - 26/03/27 16:28:35 INFO Utils: Copying /tmp/ivy/jars/org.wildfly.openssl_wildfly-openssl-1.0.7.Final.jar to /tmp/spark-51620a45-aabe-4e36-b08c-272c93d6b85c/userFiles-59e3ab52-6708-42b4-bdd9-b243990008f0/org.wildfly.openssl_wildfly-openssl-1.0.7.Final.jar
[2026-03-27T16:28:36.136+0000] {subprocess.py:93} INFO - 26/03/27 16:28:36 INFO Executor: Starting executor ID driver on host localhost
[2026-03-27T16:28:36.142+0000] {subprocess.py:93} INFO - 26/03/27 16:28:36 INFO Executor: OS info Linux, 6.6.87.2-microsoft-standard-WSL2, amd64
[2026-03-27T16:28:36.146+0000] {subprocess.py:93} INFO - 26/03/27 16:28:36 INFO Executor: Java version 11.0.22
[2026-03-27T16:28:36.229+0000] {subprocess.py:93} INFO - 26/03/27 16:28:36 INFO Executor: Starting executor with user classpath (userClassPathFirst = false): ''
[2026-03-27T16:28:36.242+0000] {subprocess.py:93} INFO - 26/03/27 16:28:36 INFO Executor: Created or updated repl class loader org.apache.spark.util.MutableURLClassLoader@72ab1f16 for default.
[2026-03-27T16:28:36.428+0000] {subprocess.py:93} INFO - 26/03/27 16:28:36 INFO Executor: Fetching file:///tmp/ivy/jars/com.amazonaws_aws-java-sdk-bundle-1.12.262.jar with timestamp 1774628904286
[2026-03-27T16:28:37.836+0000] {subprocess.py:93} INFO - 26/03/27 16:28:37 INFO Utils: /tmp/ivy/jars/com.amazonaws_aws-java-sdk-bundle-1.12.262.jar has been previously copied to /tmp/spark-51620a45-aabe-4e36-b08c-272c93d6b85c/userFiles-59e3ab52-6708-42b4-bdd9-b243990008f0/com.amazonaws_aws-java-sdk-bundle-1.12.262.jar
[2026-03-27T16:28:37.855+0000] {subprocess.py:93} INFO - 26/03/27 16:28:37 INFO Executor: Fetching file:///tmp/ivy/jars/org.wildfly.openssl_wildfly-openssl-1.0.7.Final.jar with timestamp 1774628904286
[2026-03-27T16:28:37.860+0000] {subprocess.py:93} INFO - 26/03/27 16:28:37 INFO Utils: /tmp/ivy/jars/org.wildfly.openssl_wildfly-openssl-1.0.7.Final.jar has been previously copied to /tmp/spark-51620a45-aabe-4e36-b08c-272c93d6b85c/userFiles-59e3ab52-6708-42b4-bdd9-b243990008f0/org.wildfly.openssl_wildfly-openssl-1.0.7.Final.jar
[2026-03-27T16:28:37.880+0000] {subprocess.py:93} INFO - 26/03/27 16:28:37 INFO Executor: Fetching file:///tmp/ivy/jars/org.apache.hadoop_hadoop-aws-3.3.4.jar with timestamp 1774628904286
[2026-03-27T16:28:37.938+0000] {subprocess.py:93} INFO - 26/03/27 16:28:37 INFO Utils: /tmp/ivy/jars/org.apache.hadoop_hadoop-aws-3.3.4.jar has been previously copied to /tmp/spark-51620a45-aabe-4e36-b08c-272c93d6b85c/userFiles-59e3ab52-6708-42b4-bdd9-b243990008f0/org.apache.hadoop_hadoop-aws-3.3.4.jar
[2026-03-27T16:28:37.973+0000] {subprocess.py:93} INFO - 26/03/27 16:28:37 INFO Executor: Fetching spark://127.0.0.1:40507/jars/org.apache.hadoop_hadoop-aws-3.3.4.jar with timestamp 1774628904286
[2026-03-27T16:28:38.358+0000] {subprocess.py:93} INFO - 26/03/27 16:28:38 INFO TransportClientFactory: Successfully created connection to /127.0.0.1:40507 after 249 ms (0 ms spent in bootstraps)
[2026-03-27T16:28:38.445+0000] {subprocess.py:93} INFO - 26/03/27 16:28:38 INFO Utils: Fetching spark://127.0.0.1:40507/jars/org.apache.hadoop_hadoop-aws-3.3.4.jar to /tmp/spark-51620a45-aabe-4e36-b08c-272c93d6b85c/userFiles-59e3ab52-6708-42b4-bdd9-b243990008f0/fetchFileTemp15804379458686426980.tmp
[2026-03-27T16:28:38.698+0000] {subprocess.py:93} INFO - 26/03/27 16:28:38 INFO Utils: /tmp/spark-51620a45-aabe-4e36-b08c-272c93d6b85c/userFiles-59e3ab52-6708-42b4-bdd9-b243990008f0/fetchFileTemp15804379458686426980.tmp has been previously copied to /tmp/spark-51620a45-aabe-4e36-b08c-272c93d6b85c/userFiles-59e3ab52-6708-42b4-bdd9-b243990008f0/org.apache.hadoop_hadoop-aws-3.3.4.jar
[2026-03-27T16:28:38.728+0000] {subprocess.py:93} INFO - 26/03/27 16:28:38 INFO Executor: Adding file:/tmp/spark-51620a45-aabe-4e36-b08c-272c93d6b85c/userFiles-59e3ab52-6708-42b4-bdd9-b243990008f0/org.apache.hadoop_hadoop-aws-3.3.4.jar to class loader default
[2026-03-27T16:28:38.731+0000] {subprocess.py:93} INFO - 26/03/27 16:28:38 INFO Executor: Fetching spark://127.0.0.1:40507/jars/org.wildfly.openssl_wildfly-openssl-1.0.7.Final.jar with timestamp 1774628904286
[2026-03-27T16:28:38.738+0000] {subprocess.py:93} INFO - 26/03/27 16:28:38 INFO Utils: Fetching spark://127.0.0.1:40507/jars/org.wildfly.openssl_wildfly-openssl-1.0.7.Final.jar to /tmp/spark-51620a45-aabe-4e36-b08c-272c93d6b85c/userFiles-59e3ab52-6708-42b4-bdd9-b243990008f0/fetchFileTemp4222600985200317312.tmp
[2026-03-27T16:28:38.763+0000] {subprocess.py:93} INFO - 26/03/27 16:28:38 INFO Utils: /tmp/spark-51620a45-aabe-4e36-b08c-272c93d6b85c/userFiles-59e3ab52-6708-42b4-bdd9-b243990008f0/fetchFileTemp4222600985200317312.tmp has been previously copied to /tmp/spark-51620a45-aabe-4e36-b08c-272c93d6b85c/userFiles-59e3ab52-6708-42b4-bdd9-b243990008f0/org.wildfly.openssl_wildfly-openssl-1.0.7.Final.jar
[2026-03-27T16:28:38.797+0000] {subprocess.py:93} INFO - 26/03/27 16:28:38 INFO Executor: Adding file:/tmp/spark-51620a45-aabe-4e36-b08c-272c93d6b85c/userFiles-59e3ab52-6708-42b4-bdd9-b243990008f0/org.wildfly.openssl_wildfly-openssl-1.0.7.Final.jar to class loader default
[2026-03-27T16:28:38.801+0000] {subprocess.py:93} INFO - 26/03/27 16:28:38 INFO Executor: Fetching spark://127.0.0.1:40507/jars/com.amazonaws_aws-java-sdk-bundle-1.12.262.jar with timestamp 1774628904286
[2026-03-27T16:28:38.804+0000] {subprocess.py:93} INFO - 26/03/27 16:28:38 INFO Utils: Fetching spark://127.0.0.1:40507/jars/com.amazonaws_aws-java-sdk-bundle-1.12.262.jar to /tmp/spark-51620a45-aabe-4e36-b08c-272c93d6b85c/userFiles-59e3ab52-6708-42b4-bdd9-b243990008f0/fetchFileTemp15122591648224677859.tmp
[2026-03-27T16:28:52.511+0000] {subprocess.py:93} INFO - 26/03/27 16:28:52 INFO Executor: Told to re-register on heartbeat
[2026-03-27T16:28:52.577+0000] {subprocess.py:93} INFO - 26/03/27 16:28:52 INFO BlockManager: BlockManager null re-registering with master
[2026-03-27T16:28:52.603+0000] {subprocess.py:93} INFO - 26/03/27 16:28:52 INFO BlockManagerMaster: Registering BlockManager null
[2026-03-27T16:28:52.747+0000] {subprocess.py:93} INFO - 26/03/27 16:28:52 ERROR Inbox: Ignoring error
[2026-03-27T16:28:52.760+0000] {subprocess.py:93} INFO - java.lang.NullPointerException
[2026-03-27T16:28:52.763+0000] {subprocess.py:93} INFO - 	at org.apache.spark.storage.BlockManagerMasterEndpoint.org$apache$spark$storage$BlockManagerMasterEndpoint$$register(BlockManagerMasterEndpoint.scala:677)
[2026-03-27T16:28:52.765+0000] {subprocess.py:93} INFO - 	at org.apache.spark.storage.BlockManagerMasterEndpoint$$anonfun$receiveAndReply$1.applyOrElse(BlockManagerMasterEndpoint.scala:133)
[2026-03-27T16:28:52.775+0000] {subprocess.py:93} INFO - 	at org.apache.spark.rpc.netty.Inbox.$anonfun$process$1(Inbox.scala:103)
[2026-03-27T16:28:52.783+0000] {subprocess.py:93} INFO - 	at org.apache.spark.rpc.netty.Inbox.safelyCall(Inbox.scala:213)
[2026-03-27T16:28:52.787+0000] {subprocess.py:93} INFO - 	at org.apache.spark.rpc.netty.Inbox.process(Inbox.scala:100)
[2026-03-27T16:28:52.790+0000] {subprocess.py:93} INFO - 	at org.apache.spark.rpc.netty.MessageLoop.org$apache$spark$rpc$netty$MessageLoop$$receiveLoop(MessageLoop.scala:75)
[2026-03-27T16:28:52.799+0000] {subprocess.py:93} INFO - 	at org.apache.spark.rpc.netty.MessageLoop$$anon$1.run(MessageLoop.scala:41)
[2026-03-27T16:28:52.805+0000] {subprocess.py:93} INFO - 	at java.base/java.util.concurrent.ThreadPoolExecutor.runWorker(Unknown Source)
[2026-03-27T16:28:52.813+0000] {subprocess.py:93} INFO - 	at java.base/java.util.concurrent.ThreadPoolExecutor$Worker.run(Unknown Source)
[2026-03-27T16:28:52.820+0000] {subprocess.py:93} INFO - 	at java.base/java.lang.Thread.run(Unknown Source)
[2026-03-27T16:28:52.824+0000] {subprocess.py:93} INFO - 26/03/27 16:28:52 WARN Executor: Issue communicating with driver in heartbeater
[2026-03-27T16:28:52.827+0000] {subprocess.py:93} INFO - org.apache.spark.SparkException: Exception thrown in awaitResult:
[2026-03-27T16:28:52.839+0000] {subprocess.py:93} INFO - 	at org.apache.spark.util.SparkThreadUtils$.awaitResult(SparkThreadUtils.scala:56)
[2026-03-27T16:28:52.844+0000] {subprocess.py:93} INFO - 	at org.apache.spark.util.ThreadUtils$.awaitResult(ThreadUtils.scala:310)
[2026-03-27T16:28:52.848+0000] {subprocess.py:93} INFO - 	at org.apache.spark.rpc.RpcTimeout.awaitResult(RpcTimeout.scala:75)
[2026-03-27T16:28:52.864+0000] {subprocess.py:93} INFO - 	at org.apache.spark.rpc.RpcEndpointRef.askSync(RpcEndpointRef.scala:101)
[2026-03-27T16:28:52.870+0000] {subprocess.py:93} INFO - 	at org.apache.spark.rpc.RpcEndpointRef.askSync(RpcEndpointRef.scala:85)
[2026-03-27T16:28:52.880+0000] {subprocess.py:93} INFO - 	at org.apache.spark.storage.BlockManagerMaster.registerBlockManager(BlockManagerMaster.scala:80)
[2026-03-27T16:28:52.891+0000] {subprocess.py:93} INFO - 	at org.apache.spark.storage.BlockManager.reregister(BlockManager.scala:642)
[2026-03-27T16:28:52.906+0000] {subprocess.py:93} INFO - 	at org.apache.spark.executor.Executor.reportHeartBeat(Executor.scala:1223)
[2026-03-27T16:28:52.921+0000] {subprocess.py:93} INFO - 	at org.apache.spark.executor.Executor.$anonfun$heartbeater$1(Executor.scala:295)
[2026-03-27T16:28:52.930+0000] {subprocess.py:93} INFO - 	at scala.runtime.java8.JFunction0$mcV$sp.apply(JFunction0$mcV$sp.java:23)
[2026-03-27T16:28:52.944+0000] {subprocess.py:93} INFO - 	at org.apache.spark.util.Utils$.logUncaughtExceptions(Utils.scala:1928)
[2026-03-27T16:28:52.965+0000] {subprocess.py:93} INFO - 	at org.apache.spark.Heartbeater$$anon$1.run(Heartbeater.scala:46)
[2026-03-27T16:28:52.981+0000] {subprocess.py:93} INFO - 	at java.base/java.util.concurrent.Executors$RunnableAdapter.call(Unknown Source)
[2026-03-27T16:28:52.990+0000] {subprocess.py:93} INFO - 	at java.base/java.util.concurrent.FutureTask.runAndReset(Unknown Source)
[2026-03-27T16:28:52.997+0000] {subprocess.py:93} INFO - 	at java.base/java.util.concurrent.ScheduledThreadPoolExecutor$ScheduledFutureTask.run(Unknown Source)
[2026-03-27T16:28:53.014+0000] {subprocess.py:93} INFO - 	at java.base/java.util.concurrent.ThreadPoolExecutor.runWorker(Unknown Source)
[2026-03-27T16:28:53.024+0000] {subprocess.py:93} INFO - 	at java.base/java.util.concurrent.ThreadPoolExecutor$Worker.run(Unknown Source)
[2026-03-27T16:28:53.041+0000] {subprocess.py:93} INFO - 	at java.base/java.lang.Thread.run(Unknown Source)
[2026-03-27T16:28:53.043+0000] {subprocess.py:93} INFO - Caused by: java.lang.NullPointerException
[2026-03-27T16:28:53.068+0000] {subprocess.py:93} INFO - 	at org.apache.spark.storage.BlockManagerMasterEndpoint.org$apache$spark$storage$BlockManagerMasterEndpoint$$register(BlockManagerMasterEndpoint.scala:677)
[2026-03-27T16:28:53.071+0000] {subprocess.py:93} INFO - 	at org.apache.spark.storage.BlockManagerMasterEndpoint$$anonfun$receiveAndReply$1.applyOrElse(BlockManagerMasterEndpoint.scala:133)
[2026-03-27T16:28:53.087+0000] {subprocess.py:93} INFO - 	at org.apache.spark.rpc.netty.Inbox.$anonfun$process$1(Inbox.scala:103)
[2026-03-27T16:28:53.103+0000] {subprocess.py:93} INFO - 	at org.apache.spark.rpc.netty.Inbox.safelyCall(Inbox.scala:213)
[2026-03-27T16:28:53.110+0000] {subprocess.py:93} INFO - 	at org.apache.spark.rpc.netty.Inbox.process(Inbox.scala:100)
[2026-03-27T16:28:53.112+0000] {subprocess.py:93} INFO - 	at org.apache.spark.rpc.netty.MessageLoop.org$apache$spark$rpc$netty$MessageLoop$$receiveLoop(MessageLoop.scala:75)
[2026-03-27T16:28:53.128+0000] {subprocess.py:93} INFO - 	at org.apache.spark.rpc.netty.MessageLoop$$anon$1.run(MessageLoop.scala:41)
[2026-03-27T16:28:53.137+0000] {subprocess.py:93} INFO - 	... 3 more
[2026-03-27T16:29:00.530+0000] {subprocess.py:93} INFO - 26/03/27 16:29:00 INFO Utils: /tmp/spark-51620a45-aabe-4e36-b08c-272c93d6b85c/userFiles-59e3ab52-6708-42b4-bdd9-b243990008f0/fetchFileTemp15122591648224677859.tmp has been previously copied to /tmp/spark-51620a45-aabe-4e36-b08c-272c93d6b85c/userFiles-59e3ab52-6708-42b4-bdd9-b243990008f0/com.amazonaws_aws-java-sdk-bundle-1.12.262.jar
[2026-03-27T16:29:00.885+0000] {subprocess.py:93} INFO - 26/03/27 16:29:00 INFO Executor: Adding file:/tmp/spark-51620a45-aabe-4e36-b08c-272c93d6b85c/userFiles-59e3ab52-6708-42b4-bdd9-b243990008f0/com.amazonaws_aws-java-sdk-bundle-1.12.262.jar to class loader default
[2026-03-27T16:29:01.147+0000] {subprocess.py:93} INFO - 26/03/27 16:29:01 INFO Utils: Successfully started service 'org.apache.spark.network.netty.NettyBlockTransferService' on port 33889.
[2026-03-27T16:29:01.158+0000] {subprocess.py:93} INFO - 26/03/27 16:29:01 INFO NettyBlockTransferService: Server created on 127.0.0.1 0.0.0.0:33889
[2026-03-27T16:29:01.225+0000] {subprocess.py:93} INFO - 26/03/27 16:29:01 INFO BlockManager: Using org.apache.spark.storage.RandomBlockReplicationPolicy for block replication policy
[2026-03-27T16:29:01.237+0000] {subprocess.py:93} INFO - 26/03/27 16:29:01 INFO Executor: Told to re-register on heartbeat
[2026-03-27T16:29:01.256+0000] {subprocess.py:93} INFO - 26/03/27 16:29:01 INFO BlockManager: BlockManager null re-registering with master
[2026-03-27T16:29:01.289+0000] {subprocess.py:93} INFO - 26/03/27 16:29:01 INFO BlockManagerMaster: Registering BlockManager null
[2026-03-27T16:29:01.311+0000] {subprocess.py:93} INFO - 26/03/27 16:29:01 ERROR Inbox: Ignoring error
[2026-03-27T16:29:01.317+0000] {subprocess.py:93} INFO - java.lang.NullPointerException
[2026-03-27T16:29:01.322+0000] {subprocess.py:93} INFO - 	at org.apache.spark.storage.BlockManagerMasterEndpoint.org$apache$spark$storage$BlockManagerMasterEndpoint$$register(BlockManagerMasterEndpoint.scala:677)
[2026-03-27T16:29:01.329+0000] {subprocess.py:93} INFO - 	at org.apache.spark.storage.BlockManagerMasterEndpoint$$anonfun$receiveAndReply$1.applyOrElse(BlockManagerMasterEndpoint.scala:133)
[2026-03-27T16:29:01.333+0000] {subprocess.py:93} INFO - 	at org.apache.spark.rpc.netty.Inbox.$anonfun$process$1(Inbox.scala:103)
[2026-03-27T16:29:01.338+0000] {subprocess.py:93} INFO - 	at org.apache.spark.rpc.netty.Inbox.safelyCall(Inbox.scala:213)
[2026-03-27T16:29:01.345+0000] {subprocess.py:93} INFO - 	at org.apache.spark.rpc.netty.Inbox.process(Inbox.scala:100)
[2026-03-27T16:29:01.348+0000] {subprocess.py:93} INFO - 	at org.apache.spark.rpc.netty.MessageLoop.org$apache$spark$rpc$netty$MessageLoop$$receiveLoop(MessageLoop.scala:75)
[2026-03-27T16:29:01.355+0000] {subprocess.py:93} INFO - 	at org.apache.spark.rpc.netty.MessageLoop$$anon$1.run(MessageLoop.scala:41)
[2026-03-27T16:29:01.359+0000] {subprocess.py:93} INFO - 	at java.base/java.util.concurrent.ThreadPoolExecutor.runWorker(Unknown Source)
[2026-03-27T16:29:01.363+0000] {subprocess.py:93} INFO - 	at java.base/java.util.concurrent.ThreadPoolExecutor$Worker.run(Unknown Source)
[2026-03-27T16:29:01.366+0000] {subprocess.py:93} INFO - 	at java.base/java.lang.Thread.run(Unknown Source)
[2026-03-27T16:29:01.378+0000] {subprocess.py:93} INFO - 26/03/27 16:29:01 WARN Executor: Issue communicating with driver in heartbeater
[2026-03-27T16:29:01.393+0000] {subprocess.py:93} INFO - org.apache.spark.SparkException: Exception thrown in awaitResult:
[2026-03-27T16:29:01.404+0000] {subprocess.py:93} INFO - 	at org.apache.spark.util.SparkThreadUtils$.awaitResult(SparkThreadUtils.scala:56)
[2026-03-27T16:29:01.416+0000] {subprocess.py:93} INFO - 	at org.apache.spark.util.ThreadUtils$.awaitResult(ThreadUtils.scala:310)
[2026-03-27T16:29:01.423+0000] {subprocess.py:93} INFO - 	at org.apache.spark.rpc.RpcTimeout.awaitResult(RpcTimeout.scala:75)
[2026-03-27T16:29:01.438+0000] {subprocess.py:93} INFO - 	at org.apache.spark.rpc.RpcEndpointRef.askSync(RpcEndpointRef.scala:101)
[2026-03-27T16:29:01.442+0000] {subprocess.py:93} INFO - 	at org.apache.spark.rpc.RpcEndpointRef.askSync(RpcEndpointRef.scala:85)
[2026-03-27T16:29:01.445+0000] {subprocess.py:93} INFO - 	at org.apache.spark.storage.BlockManagerMaster.registerBlockManager(BlockManagerMaster.scala:80)
[2026-03-27T16:29:01.449+0000] {subprocess.py:93} INFO - 	at org.apache.spark.storage.BlockManager.reregister(BlockManager.scala:642)
[2026-03-27T16:29:01.455+0000] {subprocess.py:93} INFO - 	at org.apache.spark.executor.Executor.reportHeartBeat(Executor.scala:1223)
[2026-03-27T16:29:01.460+0000] {subprocess.py:93} INFO - 	at org.apache.spark.executor.Executor.$anonfun$heartbeater$1(Executor.scala:295)
[2026-03-27T16:29:01.477+0000] {subprocess.py:93} INFO - 	at scala.runtime.java8.JFunction0$mcV$sp.apply(JFunction0$mcV$sp.java:23)
[2026-03-27T16:29:01.512+0000] {subprocess.py:93} INFO - 	at org.apache.spark.util.Utils$.logUncaughtExceptions(Utils.scala:1928)
[2026-03-27T16:29:01.519+0000] {subprocess.py:93} INFO - 	at org.apache.spark.Heartbeater$$anon$1.run(Heartbeater.scala:46)
[2026-03-27T16:29:01.532+0000] {subprocess.py:93} INFO - 	at java.base/java.util.concurrent.Executors$RunnableAdapter.call(Unknown Source)
[2026-03-27T16:29:01.546+0000] {subprocess.py:93} INFO - 	at java.base/java.util.concurrent.FutureTask.runAndReset(Unknown Source)
[2026-03-27T16:29:01.557+0000] {subprocess.py:93} INFO - 	at java.base/java.util.concurrent.ScheduledThreadPoolExecutor$ScheduledFutureTask.run(Unknown Source)
[2026-03-27T16:29:01.565+0000] {subprocess.py:93} INFO - 	at java.base/java.util.concurrent.ThreadPoolExecutor.runWorker(Unknown Source)
[2026-03-27T16:29:01.581+0000] {subprocess.py:93} INFO - 	at java.base/java.util.concurrent.ThreadPoolExecutor$Worker.run(Unknown Source)
[2026-03-27T16:29:01.605+0000] {subprocess.py:93} INFO - 	at java.base/java.lang.Thread.run(Unknown Source)
[2026-03-27T16:29:01.628+0000] {subprocess.py:93} INFO - Caused by: java.lang.NullPointerException
[2026-03-27T16:29:01.646+0000] {subprocess.py:93} INFO - 	at org.apache.spark.storage.BlockManagerMasterEndpoint.org$apache$spark$storage$BlockManagerMasterEndpoint$$register(BlockManagerMasterEndpoint.scala:677)
[2026-03-27T16:29:01.656+0000] {subprocess.py:93} INFO - 	at org.apache.spark.storage.BlockManagerMasterEndpoint$$anonfun$receiveAndReply$1.applyOrElse(BlockManagerMasterEndpoint.scala:133)
[2026-03-27T16:29:01.661+0000] {subprocess.py:93} INFO - 	at org.apache.spark.rpc.netty.Inbox.$anonfun$process$1(Inbox.scala:103)
[2026-03-27T16:29:01.667+0000] {subprocess.py:93} INFO - 	at org.apache.spark.rpc.netty.Inbox.safelyCall(Inbox.scala:213)
[2026-03-27T16:29:01.675+0000] {subprocess.py:93} INFO - 	at org.apache.spark.rpc.netty.Inbox.process(Inbox.scala:100)
[2026-03-27T16:29:01.679+0000] {subprocess.py:93} INFO - 	at org.apache.spark.rpc.netty.MessageLoop.org$apache$spark$rpc$netty$MessageLoop$$receiveLoop(MessageLoop.scala:75)
[2026-03-27T16:29:01.683+0000] {subprocess.py:93} INFO - 	at org.apache.spark.rpc.netty.MessageLoop$$anon$1.run(MessageLoop.scala:41)
[2026-03-27T16:29:01.688+0000] {subprocess.py:93} INFO - 	... 3 more
[2026-03-27T16:29:01.694+0000] {subprocess.py:93} INFO - 26/03/27 16:29:01 INFO BlockManagerMaster: Registering BlockManager BlockManagerId(driver, 127.0.0.1, 33889, None)
[2026-03-27T16:29:01.703+0000] {subprocess.py:93} INFO - 26/03/27 16:29:01 INFO BlockManagerMasterEndpoint: Registering block manager 127.0.0.1:33889 with 434.4 MiB RAM, BlockManagerId(driver, 127.0.0.1, 33889, None)
[2026-03-27T16:29:01.711+0000] {subprocess.py:93} INFO - 26/03/27 16:29:01 INFO BlockManagerMaster: Registered BlockManager BlockManagerId(driver, 127.0.0.1, 33889, None)
[2026-03-27T16:29:01.720+0000] {subprocess.py:93} INFO - 26/03/27 16:29:01 INFO BlockManager: Initialized BlockManager: BlockManagerId(driver, 127.0.0.1, 33889, None)
[2026-03-27T16:29:09.229+0000] {subprocess.py:93} INFO - 26/03/27 16:29:09 INFO AsyncEventQueue: Process of event SparkListenerResourceProfileAdded(Profile: id = 0, executor resources: cores -> name: cores, amount: 1, script: , vendor: ,memory -> name: memory, amount: 1024, script: , vendor: ,offHeap -> name: offHeap, amount: 0, script: , vendor: , task resources: cpus -> name: cpus, amount: 1.0) by listener HeartbeatReceiver took 1.808829522s.
[2026-03-27T16:29:10.611+0000] {subprocess.py:93} INFO - 26/03/27 16:29:10 INFO AsyncEventQueue: Process of event SparkListenerResourceProfileAdded(Profile: id = 0, executor resources: cores -> name: cores, amount: 1, script: , vendor: ,memory -> name: memory, amount: 1024, script: , vendor: ,offHeap -> name: offHeap, amount: 0, script: , vendor: , task resources: cpus -> name: cpus, amount: 1.0) by listener AppStatusListener took 3.256206568s.
[2026-03-27T16:29:21.735+0000] {subprocess.py:93} INFO - {"time": "2026-03-27 16:29:21,698", "level": "INFO", "message": "D\u00e9marrage de la transformation ", "module": "transformation"}
[2026-03-27T16:29:21.747+0000] {subprocess.py:93} INFO - {"time": "2026-03-27 16:29:21,712", "level": "INFO", "message": "Lecture des fichiers CSV depuis le bucket extraction", "module": "transformation"}
[2026-03-27T16:30:09.536+0000] {subprocess.py:93} INFO - {"time": "2026-03-27 16:30:09,529", "level": "INFO", "message": "Nombre de lignes lues : 272566", "module": "transformation"}
[2026-03-27T16:30:16.407+0000] {subprocess.py:93} INFO - {"time": "2026-03-27 16:30:16,394", "level": "INFO", "message": "\ud83d\udc8e Nettoyage des prix effectu\u00e9", "module": "transformation"}
[2026-03-27T16:30:50.347+0000] {subprocess.py:93} INFO - {"time": "2026-03-27 16:30:50,330", "level": "INFO", "message": "Suppression des doublons par ISBN/source, nombre de lignes apr\u00e8s : 271367", "module": "transformation"}
[2026-03-27T16:30:50.642+0000] {subprocess.py:93} INFO - {"time": "2026-03-27 16:30:50,635", "level": "INFO", "message": "Filtrage des 3 sources termin\u00e9", "module": "transformation"}
[2026-03-27T16:31:39.928+0000] {subprocess.py:93} INFO - {"time": "2026-03-27 16:31:39,913", "level": "INFO", "message": "Donn\u00e9es \u00e9crites dans MinIO (bucket processed) avec partition source/date_ajout", "module": "transformation"}
[2026-03-27T16:31:40.957+0000] {subprocess.py:93} INFO - {"time": "2026-03-27 16:31:40,940", "level": "INFO", "message": "Transformation termin\u00e9e avec succ\u00e8s sous Minio", "module": "transformation"}
[2026-03-27T16:31:40.963+0000] {subprocess.py:93} INFO - {"time": "2026-03-27 16:31:40,941", "level": "INFO", "message": "{\"step\": \"run_transformation\", \"duration_sec\": 197.3628854751587}", "module": "etl_monitoring"}
[2026-03-27T16:31:41.746+0000] {subprocess.py:97} INFO - Command exited with return code 0
[2026-03-27T16:31:41.946+0000] {taskinstance.py:1138} INFO - Marking task as SUCCESS. dag_id=pipeline_ETL, task_id=transform_data, execution_date=20260327T162417, start_date=20260327T162716, end_date=20260327T163141
[2026-03-27T16:31:42.174+0000] {local_task_job_runner.py:234} INFO - Task exited with return code 0
[2026-03-27T16:31:42.365+0000] {taskinstance.py:3280} INFO - 1 downstream tasks scheduled from follow-on schedule check
