[2026-03-18T15:44:13.629+0000] {taskinstance.py:1956} INFO - Dependencies all met for dep_context=non-requeueable deps ti=<TaskInstance: pipeline_ETL.load_curated manual__2026-03-18T15:40:40.149681+00:00 [queued]>
[2026-03-18T15:44:13.652+0000] {taskinstance.py:1956} INFO - Dependencies all met for dep_context=requeueable deps ti=<TaskInstance: pipeline_ETL.load_curated manual__2026-03-18T15:40:40.149681+00:00 [queued]>
[2026-03-18T15:44:13.653+0000] {taskinstance.py:2170} INFO - Starting attempt 1 of 3
[2026-03-18T15:44:13.721+0000] {taskinstance.py:2191} INFO - Executing <Task(BashOperator): load_curated> on 2026-03-18 15:40:40.149681+00:00
[2026-03-18T15:44:13.730+0000] {standard_task_runner.py:60} INFO - Started process 1484 to run task
[2026-03-18T15:44:13.738+0000] {standard_task_runner.py:87} INFO - Running: ['***', 'tasks', 'run', 'pipeline_ETL', 'load_curated', 'manual__2026-03-18T15:40:40.149681+00:00', '--job-id', '42', '--raw', '--subdir', 'DAGS_FOLDER/ETL_pipeline.py', '--cfg-path', '/tmp/tmp22lg43b5']
[2026-03-18T15:44:13.744+0000] {standard_task_runner.py:88} INFO - Job 42: Subtask load_curated
[2026-03-18T15:44:13.961+0000] {task_command.py:423} INFO - Running <TaskInstance: pipeline_ETL.load_curated manual__2026-03-18T15:40:40.149681+00:00 [running]> on host 57dd1bcf62af
[2026-03-18T15:44:14.353+0000] {taskinstance.py:2480} INFO - Exporting env vars: AIRFLOW_CTX_DAG_OWNER='ETL_TBD_ATUT_2026' AIRFLOW_CTX_DAG_ID='pipeline_ETL' AIRFLOW_CTX_TASK_ID='load_curated' AIRFLOW_CTX_EXECUTION_DATE='2026-03-18T15:40:40.149681+00:00' AIRFLOW_CTX_TRY_NUMBER='1' AIRFLOW_CTX_DAG_RUN_ID='manual__2026-03-18T15:40:40.149681+00:00'
[2026-03-18T15:44:14.360+0000] {subprocess.py:63} INFO - Tmp dir root location: /tmp
[2026-03-18T15:44:14.366+0000] {subprocess.py:75} INFO - Running command: ['/usr/bin/bash', '-c', '\n        docker exec -i --user root spark_final bash -c "\n        export SPARK_LOCAL_IP=127.0.0.1\n\n        /opt/spark/bin/spark-submit         --conf spark.driver.host=127.0.0.1         --conf spark.driver.bindAddress=0.0.0.0         --conf spark.local.hostname=localhost         --conf spark.jars.ivy=/tmp/ivy         --conf spark.hadoop.fs.s3a.endpoint=$MINIO_ENDPOINT         --conf spark.hadoop.fs.s3a.access.key=$MINIO_ACCESS_KEY         --conf spark.hadoop.fs.s3a.secret.key=$MINIO_SECRET_KEY         --conf spark.hadoop.fs.s3a.path.style.access=true         --conf spark.hadoop.fs.s3a.impl=org.apache.hadoop.fs.s3a.S3AFileSystem         --packages org.apache.hadoop:hadoop-aws:3.3.4         /opt/spark/jobs/chargement.py\n        "\n        ']
[2026-03-18T15:44:14.412+0000] {subprocess.py:86} INFO - Output:
[2026-03-18T15:44:20.425+0000] {subprocess.py:93} INFO - :: loading settings :: url = jar:file:/opt/spark/jars/ivy-2.5.1.jar!/org/apache/ivy/core/settings/ivysettings.xml
[2026-03-18T15:44:20.662+0000] {subprocess.py:93} INFO - Ivy Default Cache set to: /tmp/ivy/cache
[2026-03-18T15:44:20.664+0000] {subprocess.py:93} INFO - The jars for the packages stored in: /tmp/ivy/jars
[2026-03-18T15:44:20.687+0000] {subprocess.py:93} INFO - org.apache.hadoop#hadoop-aws added as a dependency
[2026-03-18T15:44:20.697+0000] {subprocess.py:93} INFO - :: resolving dependencies :: org.apache.spark#spark-submit-parent-03a2fef8-a126-4ea7-979c-6957129a2ac9;1.0
[2026-03-18T15:44:20.699+0000] {subprocess.py:93} INFO - 	confs: [default]
[2026-03-18T15:44:21.183+0000] {subprocess.py:93} INFO - 	found org.apache.hadoop#hadoop-aws;3.3.4 in central
[2026-03-18T15:44:21.253+0000] {subprocess.py:93} INFO - 	found com.amazonaws#aws-java-sdk-bundle;1.12.262 in central
[2026-03-18T15:44:21.346+0000] {subprocess.py:93} INFO - 	found org.wildfly.openssl#wildfly-openssl;1.0.7.Final in central
[2026-03-18T15:44:21.421+0000] {subprocess.py:93} INFO - :: resolution report :: resolve 694ms :: artifacts dl 31ms
[2026-03-18T15:44:21.437+0000] {subprocess.py:93} INFO - 	:: modules in use:
[2026-03-18T15:44:21.439+0000] {subprocess.py:93} INFO - 	com.amazonaws#aws-java-sdk-bundle;1.12.262 from central in [default]
[2026-03-18T15:44:21.443+0000] {subprocess.py:93} INFO - 	org.apache.hadoop#hadoop-aws;3.3.4 from central in [default]
[2026-03-18T15:44:21.445+0000] {subprocess.py:93} INFO - 	org.wildfly.openssl#wildfly-openssl;1.0.7.Final from central in [default]
[2026-03-18T15:44:21.447+0000] {subprocess.py:93} INFO - 	---------------------------------------------------------------------
[2026-03-18T15:44:21.449+0000] {subprocess.py:93} INFO - 	|                  |            modules            ||   artifacts   |
[2026-03-18T15:44:21.452+0000] {subprocess.py:93} INFO - 	|       conf       | number| search|dwnlded|evicted|| number|dwnlded|
[2026-03-18T15:44:21.455+0000] {subprocess.py:93} INFO - 	---------------------------------------------------------------------
[2026-03-18T15:44:21.458+0000] {subprocess.py:93} INFO - 	|      default     |   3   |   0   |   0   |   0   ||   3   |   0   |
[2026-03-18T15:44:21.461+0000] {subprocess.py:93} INFO - 	---------------------------------------------------------------------
[2026-03-18T15:44:21.463+0000] {subprocess.py:93} INFO - :: retrieving :: org.apache.spark#spark-submit-parent-03a2fef8-a126-4ea7-979c-6957129a2ac9
[2026-03-18T15:44:21.465+0000] {subprocess.py:93} INFO - 	confs: [default]
[2026-03-18T15:44:21.484+0000] {subprocess.py:93} INFO - 	0 artifacts copied, 3 already retrieved (0kB/27ms)
[2026-03-18T15:44:22.657+0000] {subprocess.py:93} INFO - 26/03/18 15:44:22 WARN NativeCodeLoader: Unable to load native-hadoop library for your platform... using builtin-java classes where applicable
[2026-03-18T15:44:24.749+0000] {subprocess.py:93} INFO - {"time": "2026-03-18 15:44:24,746", "level": "INFO", "message": "\ud83d\ude80 D\u00e9marrage de la couche", "module": "chargement"}
[2026-03-18T15:44:25.151+0000] {subprocess.py:93} INFO - 26/03/18 15:44:25 INFO SparkContext: Running Spark version 3.5.1
[2026-03-18T15:44:25.154+0000] {subprocess.py:93} INFO - 26/03/18 15:44:25 INFO SparkContext: OS info Linux, 6.6.87.2-microsoft-standard-WSL2, amd64
[2026-03-18T15:44:25.157+0000] {subprocess.py:93} INFO - 26/03/18 15:44:25 INFO SparkContext: Java version 11.0.22
[2026-03-18T15:44:25.238+0000] {subprocess.py:93} INFO - 26/03/18 15:44:25 INFO ResourceUtils: ==============================================================
[2026-03-18T15:44:25.241+0000] {subprocess.py:93} INFO - 26/03/18 15:44:25 INFO ResourceUtils: No custom resources configured for spark.driver.
[2026-03-18T15:44:25.244+0000] {subprocess.py:93} INFO - 26/03/18 15:44:25 INFO ResourceUtils: ==============================================================
[2026-03-18T15:44:25.247+0000] {subprocess.py:93} INFO - 26/03/18 15:44:25 INFO SparkContext: Submitted application: Books_ETL
[2026-03-18T15:44:25.333+0000] {subprocess.py:93} INFO - 26/03/18 15:44:25 INFO ResourceProfile: Default ResourceProfile created, executor resources: Map(cores -> name: cores, amount: 1, script: , vendor: , memory -> name: memory, amount: 1024, script: , vendor: , offHeap -> name: offHeap, amount: 0, script: , vendor: ), task resources: Map(cpus -> name: cpus, amount: 1.0)
[2026-03-18T15:44:25.368+0000] {subprocess.py:93} INFO - 26/03/18 15:44:25 INFO ResourceProfile: Limiting resource is cpu
[2026-03-18T15:44:25.371+0000] {subprocess.py:93} INFO - 26/03/18 15:44:25 INFO ResourceProfileManager: Added ResourceProfile id: 0
[2026-03-18T15:44:25.533+0000] {subprocess.py:93} INFO - 26/03/18 15:44:25 INFO SecurityManager: Changing view acls to: root
[2026-03-18T15:44:25.535+0000] {subprocess.py:93} INFO - 26/03/18 15:44:25 INFO SecurityManager: Changing modify acls to: root
[2026-03-18T15:44:25.537+0000] {subprocess.py:93} INFO - 26/03/18 15:44:25 INFO SecurityManager: Changing view acls groups to:
[2026-03-18T15:44:25.540+0000] {subprocess.py:93} INFO - 26/03/18 15:44:25 INFO SecurityManager: Changing modify acls groups to:
[2026-03-18T15:44:25.544+0000] {subprocess.py:93} INFO - 26/03/18 15:44:25 INFO SecurityManager: SecurityManager: authentication disabled; ui acls disabled; users with view permissions: root; groups with view permissions: EMPTY; users with modify permissions: root; groups with modify permissions: EMPTY
[2026-03-18T15:44:26.333+0000] {subprocess.py:93} INFO - 26/03/18 15:44:26 INFO Utils: Successfully started service 'sparkDriver' on port 46705.
[2026-03-18T15:44:26.447+0000] {subprocess.py:93} INFO - 26/03/18 15:44:26 INFO SparkEnv: Registering MapOutputTracker
[2026-03-18T15:44:26.576+0000] {subprocess.py:93} INFO - 26/03/18 15:44:26 INFO SparkEnv: Registering BlockManagerMaster
[2026-03-18T15:44:26.614+0000] {subprocess.py:93} INFO - 26/03/18 15:44:26 INFO BlockManagerMasterEndpoint: Using org.apache.spark.storage.DefaultTopologyMapper for getting topology information
[2026-03-18T15:44:26.620+0000] {subprocess.py:93} INFO - 26/03/18 15:44:26 INFO BlockManagerMasterEndpoint: BlockManagerMasterEndpoint up
[2026-03-18T15:44:26.628+0000] {subprocess.py:93} INFO - 26/03/18 15:44:26 INFO SparkEnv: Registering BlockManagerMasterHeartbeat
[2026-03-18T15:44:26.684+0000] {subprocess.py:93} INFO - 26/03/18 15:44:26 INFO DiskBlockManager: Created local directory at /tmp/blockmgr-3b372024-3558-4010-84f5-33cad107365d
[2026-03-18T15:44:26.728+0000] {subprocess.py:93} INFO - 26/03/18 15:44:26 INFO MemoryStore: MemoryStore started with capacity 434.4 MiB
[2026-03-18T15:44:26.796+0000] {subprocess.py:93} INFO - 26/03/18 15:44:26 INFO SparkEnv: Registering OutputCommitCoordinator
[2026-03-18T15:44:27.291+0000] {subprocess.py:93} INFO - 26/03/18 15:44:27 INFO JettyUtils: Start Jetty 127.0.0.1:4040 for SparkUI
[2026-03-18T15:44:27.504+0000] {subprocess.py:93} INFO - 26/03/18 15:44:27 INFO Utils: Successfully started service 'SparkUI' on port 4040.
[2026-03-18T15:44:27.639+0000] {subprocess.py:93} INFO - 26/03/18 15:44:27 INFO SparkContext: Added JAR /opt/spark/libs/hadoop-aws-3.3.6.jar at spark://127.0.0.1:46705/jars/hadoop-aws-3.3.6.jar with timestamp 1773848665120
[2026-03-18T15:44:27.652+0000] {subprocess.py:93} INFO - 26/03/18 15:44:27 INFO SparkContext: Added JAR /opt/spark/libs/aws-java-sdk-bundle-1.12.500.jar at spark://127.0.0.1:46705/jars/aws-java-sdk-bundle-1.12.500.jar with timestamp 1773848665120
[2026-03-18T15:44:27.672+0000] {subprocess.py:93} INFO - 26/03/18 15:44:27 INFO SparkContext: Added file file:///tmp/ivy/jars/org.apache.hadoop_hadoop-aws-3.3.4.jar at file:///tmp/ivy/jars/org.apache.hadoop_hadoop-aws-3.3.4.jar with timestamp 1773848665120
[2026-03-18T15:44:27.684+0000] {subprocess.py:93} INFO - 26/03/18 15:44:27 INFO Utils: Copying /tmp/ivy/jars/org.apache.hadoop_hadoop-aws-3.3.4.jar to /tmp/spark-e2d03e28-87c7-4744-a2eb-f4ae64c0840d/userFiles-1d0747a2-b199-4de9-9e47-9529c322d403/org.apache.hadoop_hadoop-aws-3.3.4.jar
[2026-03-18T15:44:27.732+0000] {subprocess.py:93} INFO - 26/03/18 15:44:27 INFO SparkContext: Added file file:///tmp/ivy/jars/com.amazonaws_aws-java-sdk-bundle-1.12.262.jar at file:///tmp/ivy/jars/com.amazonaws_aws-java-sdk-bundle-1.12.262.jar with timestamp 1773848665120
[2026-03-18T15:44:27.734+0000] {subprocess.py:93} INFO - 26/03/18 15:44:27 INFO Utils: Copying /tmp/ivy/jars/com.amazonaws_aws-java-sdk-bundle-1.12.262.jar to /tmp/spark-e2d03e28-87c7-4744-a2eb-f4ae64c0840d/userFiles-1d0747a2-b199-4de9-9e47-9529c322d403/com.amazonaws_aws-java-sdk-bundle-1.12.262.jar
[2026-03-18T15:44:29.918+0000] {subprocess.py:93} INFO - 26/03/18 15:44:29 INFO SparkContext: Added file file:///tmp/ivy/jars/org.wildfly.openssl_wildfly-openssl-1.0.7.Final.jar at file:///tmp/ivy/jars/org.wildfly.openssl_wildfly-openssl-1.0.7.Final.jar with timestamp 1773848665120
[2026-03-18T15:44:29.924+0000] {subprocess.py:93} INFO - 26/03/18 15:44:29 INFO Utils: Copying /tmp/ivy/jars/org.wildfly.openssl_wildfly-openssl-1.0.7.Final.jar to /tmp/spark-e2d03e28-87c7-4744-a2eb-f4ae64c0840d/userFiles-1d0747a2-b199-4de9-9e47-9529c322d403/org.wildfly.openssl_wildfly-openssl-1.0.7.Final.jar
[2026-03-18T15:44:30.218+0000] {subprocess.py:93} INFO - 26/03/18 15:44:30 INFO Executor: Starting executor ID driver on host localhost
[2026-03-18T15:44:30.220+0000] {subprocess.py:93} INFO - 26/03/18 15:44:30 INFO Executor: OS info Linux, 6.6.87.2-microsoft-standard-WSL2, amd64
[2026-03-18T15:44:30.224+0000] {subprocess.py:93} INFO - 26/03/18 15:44:30 INFO Executor: Java version 11.0.22
[2026-03-18T15:44:30.251+0000] {subprocess.py:93} INFO - 26/03/18 15:44:30 INFO Executor: Starting executor with user classpath (userClassPathFirst = false): ''
[2026-03-18T15:44:30.253+0000] {subprocess.py:93} INFO - 26/03/18 15:44:30 INFO Executor: Created or updated repl class loader org.apache.spark.util.MutableURLClassLoader@4d242696 for default.
[2026-03-18T15:44:30.292+0000] {subprocess.py:93} INFO - 26/03/18 15:44:30 INFO Executor: Fetching file:///tmp/ivy/jars/com.amazonaws_aws-java-sdk-bundle-1.12.262.jar with timestamp 1773848665120
[2026-03-18T15:44:30.879+0000] {subprocess.py:93} INFO - 26/03/18 15:44:30 INFO Utils: /tmp/ivy/jars/com.amazonaws_aws-java-sdk-bundle-1.12.262.jar has been previously copied to /tmp/spark-e2d03e28-87c7-4744-a2eb-f4ae64c0840d/userFiles-1d0747a2-b199-4de9-9e47-9529c322d403/com.amazonaws_aws-java-sdk-bundle-1.12.262.jar
[2026-03-18T15:44:30.892+0000] {subprocess.py:93} INFO - 26/03/18 15:44:30 INFO Executor: Fetching file:///tmp/ivy/jars/org.wildfly.openssl_wildfly-openssl-1.0.7.Final.jar with timestamp 1773848665120
[2026-03-18T15:44:30.895+0000] {subprocess.py:93} INFO - 26/03/18 15:44:30 INFO Utils: /tmp/ivy/jars/org.wildfly.openssl_wildfly-openssl-1.0.7.Final.jar has been previously copied to /tmp/spark-e2d03e28-87c7-4744-a2eb-f4ae64c0840d/userFiles-1d0747a2-b199-4de9-9e47-9529c322d403/org.wildfly.openssl_wildfly-openssl-1.0.7.Final.jar
[2026-03-18T15:44:30.909+0000] {subprocess.py:93} INFO - 26/03/18 15:44:30 INFO Executor: Fetching file:///tmp/ivy/jars/org.apache.hadoop_hadoop-aws-3.3.4.jar with timestamp 1773848665120
[2026-03-18T15:44:30.913+0000] {subprocess.py:93} INFO - 26/03/18 15:44:30 INFO Utils: /tmp/ivy/jars/org.apache.hadoop_hadoop-aws-3.3.4.jar has been previously copied to /tmp/spark-e2d03e28-87c7-4744-a2eb-f4ae64c0840d/userFiles-1d0747a2-b199-4de9-9e47-9529c322d403/org.apache.hadoop_hadoop-aws-3.3.4.jar
[2026-03-18T15:44:30.930+0000] {subprocess.py:93} INFO - 26/03/18 15:44:30 INFO Executor: Fetching spark://127.0.0.1:46705/jars/hadoop-aws-3.3.6.jar with timestamp 1773848665120
[2026-03-18T15:44:31.034+0000] {subprocess.py:93} INFO - 26/03/18 15:44:31 INFO TransportClientFactory: Successfully created connection to /127.0.0.1:46705 after 77 ms (0 ms spent in bootstraps)
[2026-03-18T15:44:31.081+0000] {subprocess.py:93} INFO - 26/03/18 15:44:31 INFO Utils: Fetching spark://127.0.0.1:46705/jars/hadoop-aws-3.3.6.jar to /tmp/spark-e2d03e28-87c7-4744-a2eb-f4ae64c0840d/userFiles-1d0747a2-b199-4de9-9e47-9529c322d403/fetchFileTemp13263435276444726049.tmp
[2026-03-18T15:44:31.293+0000] {subprocess.py:93} INFO - 26/03/18 15:44:31 INFO Executor: Adding file:/tmp/spark-e2d03e28-87c7-4744-a2eb-f4ae64c0840d/userFiles-1d0747a2-b199-4de9-9e47-9529c322d403/hadoop-aws-3.3.6.jar to class loader default
[2026-03-18T15:44:31.295+0000] {subprocess.py:93} INFO - 26/03/18 15:44:31 INFO Executor: Fetching spark://127.0.0.1:46705/jars/aws-java-sdk-bundle-1.12.500.jar with timestamp 1773848665120
[2026-03-18T15:44:31.297+0000] {subprocess.py:93} INFO - 26/03/18 15:44:31 INFO Utils: Fetching spark://127.0.0.1:46705/jars/aws-java-sdk-bundle-1.12.500.jar to /tmp/spark-e2d03e28-87c7-4744-a2eb-f4ae64c0840d/userFiles-1d0747a2-b199-4de9-9e47-9529c322d403/fetchFileTemp2873432073808060418.tmp
[2026-03-18T15:44:43.566+0000] {subprocess.py:93} INFO - 26/03/18 15:44:43 INFO Executor: Adding file:/tmp/spark-e2d03e28-87c7-4744-a2eb-f4ae64c0840d/userFiles-1d0747a2-b199-4de9-9e47-9529c322d403/aws-java-sdk-bundle-1.12.500.jar to class loader default
[2026-03-18T15:44:43.621+0000] {subprocess.py:93} INFO - 26/03/18 15:44:43 INFO Utils: Successfully started service 'org.apache.spark.network.netty.NettyBlockTransferService' on port 34179.
[2026-03-18T15:44:43.623+0000] {subprocess.py:93} INFO - 26/03/18 15:44:43 INFO NettyBlockTransferService: Server created on 127.0.0.1 0.0.0.0:34179
[2026-03-18T15:44:43.630+0000] {subprocess.py:93} INFO - 26/03/18 15:44:43 INFO BlockManager: Using org.apache.spark.storage.RandomBlockReplicationPolicy for block replication policy
[2026-03-18T15:44:43.652+0000] {subprocess.py:93} INFO - 26/03/18 15:44:43 INFO BlockManagerMaster: Registering BlockManager BlockManagerId(driver, 127.0.0.1, 34179, None)
[2026-03-18T15:44:43.664+0000] {subprocess.py:93} INFO - 26/03/18 15:44:43 INFO BlockManagerMasterEndpoint: Registering block manager 127.0.0.1:34179 with 434.4 MiB RAM, BlockManagerId(driver, 127.0.0.1, 34179, None)
[2026-03-18T15:44:43.675+0000] {subprocess.py:93} INFO - 26/03/18 15:44:43 INFO BlockManagerMaster: Registered BlockManager BlockManagerId(driver, 127.0.0.1, 34179, None)
[2026-03-18T15:44:43.680+0000] {subprocess.py:93} INFO - 26/03/18 15:44:43 INFO BlockManager: Initialized BlockManager: BlockManagerId(driver, 127.0.0.1, 34179, None)
[2026-03-18T15:44:45.335+0000] {subprocess.py:93} INFO - {"time": "2026-03-18 15:44:45,332", "level": "INFO", "message": "\ud83d\udce5 Lecture de la couche TRANSFORMATION depuis s3a://transformation/livres/", "module": "chargement"}
[2026-03-18T15:44:48.460+0000] {subprocess.py:93} INFO - 26/03/18 15:44:48 WARN MetricsConfig: Cannot locate configuration: tried hadoop-metrics2-s3a-file-system.properties,hadoop-metrics2.properties
[2026-03-18T15:45:07.107+0000] {subprocess.py:93} INFO - {"time": "2026-03-18 15:45:07,103", "level": "INFO", "message": "\ud83d\udcca Nombre de lignes lues : 271367", "module": "chargement"}
[2026-03-18T15:45:10.516+0000] {subprocess.py:93} INFO - {"time": "2026-03-18 15:45:10,512", "level": "INFO", "message": "\ud83e\uddf9 Nettoyage des donn\u00e9es", "module": "chargement"}
[2026-03-18T15:45:10.739+0000] {subprocess.py:93} INFO - {"time": "2026-03-18 15:45:10,736", "level": "INFO", "message": "\ud83d\udce4 \u00c9criture vers s3a://chargement/livres/", "module": "chargement"}
[2026-03-18T15:45:27.268+0000] {subprocess.py:93} INFO - {"time": "2026-03-18 15:45:27,265", "level": "INFO", "message": "\u2705 Chargement termin\u00e9 avec succ\u00e8s !", "module": "chargement"}
[2026-03-18T15:45:28.455+0000] {subprocess.py:93} INFO - {"time": "2026-03-18 15:45:28,452", "level": "INFO", "message": "{\"step\": \"run_chargement\", \"duration_sec\": 63.705605030059814}", "module": "etl_monitoring"}
[2026-03-18T15:45:28.860+0000] {subprocess.py:97} INFO - Command exited with return code 0
[2026-03-18T15:45:28.946+0000] {taskinstance.py:1138} INFO - Marking task as SUCCESS. dag_id=pipeline_ETL, task_id=load_curated, execution_date=20260318T154040, start_date=20260318T154413, end_date=20260318T154528
[2026-03-18T15:45:29.028+0000] {local_task_job_runner.py:234} INFO - Task exited with return code 0
[2026-03-18T15:45:29.126+0000] {taskinstance.py:3280} INFO - 1 downstream tasks scheduled from follow-on schedule check
