[2026-03-17T10:54:51.282+0000] {taskinstance.py:1956} INFO - Dependencies all met for dep_context=non-requeueable deps ti=<TaskInstance: etl_pipeline_finale.transform_data manual__2026-03-17T10:53:24.117183+00:00 [queued]>
[2026-03-17T10:54:51.313+0000] {taskinstance.py:1956} INFO - Dependencies all met for dep_context=requeueable deps ti=<TaskInstance: etl_pipeline_finale.transform_data manual__2026-03-17T10:53:24.117183+00:00 [queued]>
[2026-03-17T10:54:51.314+0000] {taskinstance.py:2170} INFO - Starting attempt 1 of 3
[2026-03-17T10:54:51.386+0000] {taskinstance.py:2191} INFO - Executing <Task(BashOperator): transform_data> on 2026-03-17 10:53:24.117183+00:00
[2026-03-17T10:54:51.405+0000] {standard_task_runner.py:60} INFO - Started process 1235 to run task
[2026-03-17T10:54:51.416+0000] {standard_task_runner.py:87} INFO - Running: ['***', 'tasks', 'run', 'etl_pipeline_finale', 'transform_data', 'manual__2026-03-17T10:53:24.117183+00:00', '--job-id', '23', '--raw', '--subdir', 'DAGS_FOLDER/ETL_pipeline.py', '--cfg-path', '/tmp/tmpxuewzshp']
[2026-03-17T10:54:51.428+0000] {standard_task_runner.py:88} INFO - Job 23: Subtask transform_data
[2026-03-17T10:54:51.682+0000] {task_command.py:423} INFO - Running <TaskInstance: etl_pipeline_finale.transform_data manual__2026-03-17T10:53:24.117183+00:00 [running]> on host 57dd1bcf62af
[2026-03-17T10:54:52.045+0000] {taskinstance.py:2480} INFO - Exporting env vars: AIRFLOW_CTX_DAG_OWNER='ETL_TBD_ATUT_2026' AIRFLOW_CTX_DAG_ID='etl_pipeline_finale' AIRFLOW_CTX_TASK_ID='transform_data' AIRFLOW_CTX_EXECUTION_DATE='2026-03-17T10:53:24.117183+00:00' AIRFLOW_CTX_TRY_NUMBER='1' AIRFLOW_CTX_DAG_RUN_ID='manual__2026-03-17T10:53:24.117183+00:00'
[2026-03-17T10:54:52.049+0000] {subprocess.py:63} INFO - Tmp dir root location: /tmp
[2026-03-17T10:54:52.053+0000] {subprocess.py:75} INFO - Running command: ['/usr/bin/bash', '-c', '\n        docker exec -i --user root spark         /opt/spark/bin/spark-submit         --conf spark.jars.ivy=/tmp/ivy         --conf spark.hadoop.fs.s3a.endpoint=$MINIO_ENDPOINT         --conf spark.hadoop.fs.s3a.access.key=$MINIO_ACCESS_KEY         --conf spark.hadoop.fs.s3a.secret.key=$MINIO_SECRET_KEY         --conf spark.hadoop.fs.s3a.path.style.access=true         --conf spark.hadoop.fs.s3a.impl=org.apache.hadoop.fs.s3a.S3AFileSystem         --packages org.apache.hadoop:hadoop-aws:3.3.4         /opt/spark/jobs/transformation.py\n        ']
[2026-03-17T10:54:52.087+0000] {subprocess.py:86} INFO - Output:
[2026-03-17T10:54:59.904+0000] {subprocess.py:93} INFO - ERROR StatusLogger Could not determine local host name
[2026-03-17T10:54:59.906+0000] {subprocess.py:93} INFO -  java.net.UnknownHostException: spark: spark: Temporary failure in name resolution
[2026-03-17T10:54:59.908+0000] {subprocess.py:93} INFO - 	at java.base/java.net.InetAddress.getLocalHost(Unknown Source)
[2026-03-17T10:54:59.910+0000] {subprocess.py:93} INFO - 	at org.apache.logging.log4j.core.util.NetUtils.getLocalHostname(NetUtils.java:56)
[2026-03-17T10:54:59.912+0000] {subprocess.py:93} INFO - 	at org.apache.logging.log4j.core.LoggerContext.lambda$setConfiguration$0(LoggerContext.java:615)
[2026-03-17T10:54:59.915+0000] {subprocess.py:93} INFO - 	at java.base/java.util.concurrent.ConcurrentHashMap.computeIfAbsent(Unknown Source)
[2026-03-17T10:54:59.917+0000] {subprocess.py:93} INFO - 	at org.apache.logging.log4j.core.LoggerContext.setConfiguration(LoggerContext.java:615)
[2026-03-17T10:54:59.919+0000] {subprocess.py:93} INFO - 	at org.apache.logging.log4j.core.LoggerContext.reconfigure(LoggerContext.java:694)
[2026-03-17T10:54:59.921+0000] {subprocess.py:93} INFO - 	at org.apache.logging.log4j.core.LoggerContext.reconfigure(LoggerContext.java:711)
[2026-03-17T10:54:59.923+0000] {subprocess.py:93} INFO - 	at org.apache.logging.log4j.core.LoggerContext.start(LoggerContext.java:253)
[2026-03-17T10:54:59.925+0000] {subprocess.py:93} INFO - 	at org.apache.logging.log4j.core.impl.Log4jContextFactory.getContext(Log4jContextFactory.java:245)
[2026-03-17T10:54:59.927+0000] {subprocess.py:93} INFO - 	at org.apache.logging.log4j.core.impl.Log4jContextFactory.getContext(Log4jContextFactory.java:47)
[2026-03-17T10:54:59.929+0000] {subprocess.py:93} INFO - 	at org.apache.logging.log4j.LogManager.getContext(LogManager.java:176)
[2026-03-17T10:54:59.931+0000] {subprocess.py:93} INFO - 	at org.apache.logging.log4j.LogManager.getLogger(LogManager.java:666)
[2026-03-17T10:54:59.932+0000] {subprocess.py:93} INFO - 	at org.apache.logging.log4j.LogManager.getRootLogger(LogManager.java:700)
[2026-03-17T10:54:59.935+0000] {subprocess.py:93} INFO - 	at org.apache.spark.internal.Logging.initializeLogging(Logging.scala:129)
[2026-03-17T10:54:59.937+0000] {subprocess.py:93} INFO - 	at org.apache.spark.internal.Logging.initializeLogIfNecessary(Logging.scala:114)
[2026-03-17T10:54:59.938+0000] {subprocess.py:93} INFO - 	at org.apache.spark.internal.Logging.initializeLogIfNecessary$(Logging.scala:108)
[2026-03-17T10:54:59.940+0000] {subprocess.py:93} INFO - 	at org.apache.spark.deploy.SparkSubmit.initializeLogIfNecessary(SparkSubmit.scala:76)
[2026-03-17T10:54:59.942+0000] {subprocess.py:93} INFO - 	at org.apache.spark.deploy.SparkSubmit.doSubmit(SparkSubmit.scala:84)
[2026-03-17T10:54:59.944+0000] {subprocess.py:93} INFO - 	at org.apache.spark.deploy.SparkSubmit$$anon$2.doSubmit(SparkSubmit.scala:1120)
[2026-03-17T10:54:59.945+0000] {subprocess.py:93} INFO - 	at org.apache.spark.deploy.SparkSubmit$.main(SparkSubmit.scala:1129)
[2026-03-17T10:54:59.947+0000] {subprocess.py:93} INFO - 	at org.apache.spark.deploy.SparkSubmit.main(SparkSubmit.scala)
[2026-03-17T10:54:59.948+0000] {subprocess.py:93} INFO - Caused by: java.net.UnknownHostException: spark: Temporary failure in name resolution
[2026-03-17T10:54:59.950+0000] {subprocess.py:93} INFO - 	at java.base/java.net.Inet6AddressImpl.lookupAllHostAddr(Native Method)
[2026-03-17T10:54:59.952+0000] {subprocess.py:93} INFO - 	at java.base/java.net.InetAddress$PlatformNameService.lookupAllHostAddr(Unknown Source)
[2026-03-17T10:54:59.954+0000] {subprocess.py:93} INFO - 	at java.base/java.net.InetAddress.getAddressesFromNameService(Unknown Source)
[2026-03-17T10:54:59.955+0000] {subprocess.py:93} INFO - 	at java.base/java.net.InetAddress$NameServiceAddresses.get(Unknown Source)
[2026-03-17T10:54:59.956+0000] {subprocess.py:93} INFO - 	at java.base/java.net.InetAddress.getAllByName0(Unknown Source)
[2026-03-17T10:54:59.958+0000] {subprocess.py:93} INFO - 	... 21 more
[2026-03-17T10:55:00.501+0000] {subprocess.py:93} INFO - ERROR StatusConsoleListener Could not determine local host name
[2026-03-17T10:55:00.503+0000] {subprocess.py:93} INFO -  java.net.UnknownHostException: spark: spark: Temporary failure in name resolution
[2026-03-17T10:55:00.505+0000] {subprocess.py:93} INFO - 	at java.base/java.net.InetAddress.getLocalHost(Unknown Source)
[2026-03-17T10:55:00.507+0000] {subprocess.py:93} INFO - 	at org.apache.logging.log4j.core.util.NetUtils.getLocalHostname(NetUtils.java:56)
[2026-03-17T10:55:00.508+0000] {subprocess.py:93} INFO - 	at org.apache.logging.log4j.core.LoggerContext.lambda$setConfiguration$0(LoggerContext.java:615)
[2026-03-17T10:55:00.510+0000] {subprocess.py:93} INFO - 	at java.base/java.util.concurrent.ConcurrentHashMap.computeIfAbsent(Unknown Source)
[2026-03-17T10:55:00.511+0000] {subprocess.py:93} INFO - 	at org.apache.logging.log4j.core.LoggerContext.setConfiguration(LoggerContext.java:615)
[2026-03-17T10:55:00.512+0000] {subprocess.py:93} INFO - 	at org.apache.logging.log4j.core.LoggerContext.reconfigure(LoggerContext.java:694)
[2026-03-17T10:55:00.513+0000] {subprocess.py:93} INFO - 	at org.apache.logging.log4j.core.LoggerContext.setConfigLocation(LoggerContext.java:679)
[2026-03-17T10:55:00.514+0000] {subprocess.py:93} INFO - 	at org.apache.spark.internal.Logging.initializeLogging(Logging.scala:139)
[2026-03-17T10:55:00.515+0000] {subprocess.py:93} INFO - 	at org.apache.spark.internal.Logging.initializeLogIfNecessary(Logging.scala:114)
[2026-03-17T10:55:00.517+0000] {subprocess.py:93} INFO - 	at org.apache.spark.internal.Logging.initializeLogIfNecessary$(Logging.scala:108)
[2026-03-17T10:55:00.519+0000] {subprocess.py:93} INFO - 	at org.apache.spark.deploy.SparkSubmit.initializeLogIfNecessary(SparkSubmit.scala:76)
[2026-03-17T10:55:00.521+0000] {subprocess.py:93} INFO - 	at org.apache.spark.deploy.SparkSubmit.doSubmit(SparkSubmit.scala:84)
[2026-03-17T10:55:00.522+0000] {subprocess.py:93} INFO - 	at org.apache.spark.deploy.SparkSubmit$$anon$2.doSubmit(SparkSubmit.scala:1120)
[2026-03-17T10:55:00.524+0000] {subprocess.py:93} INFO - 	at org.apache.spark.deploy.SparkSubmit$.main(SparkSubmit.scala:1129)
[2026-03-17T10:55:00.525+0000] {subprocess.py:93} INFO - 	at org.apache.spark.deploy.SparkSubmit.main(SparkSubmit.scala)
[2026-03-17T10:55:00.526+0000] {subprocess.py:93} INFO - Caused by: java.net.UnknownHostException: spark: Temporary failure in name resolution
[2026-03-17T10:55:00.528+0000] {subprocess.py:93} INFO - 	at java.base/java.net.Inet6AddressImpl.lookupAllHostAddr(Native Method)
[2026-03-17T10:55:00.529+0000] {subprocess.py:93} INFO - 	at java.base/java.net.InetAddress$PlatformNameService.lookupAllHostAddr(Unknown Source)
[2026-03-17T10:55:00.530+0000] {subprocess.py:93} INFO - 	at java.base/java.net.InetAddress.getAddressesFromNameService(Unknown Source)
[2026-03-17T10:55:00.531+0000] {subprocess.py:93} INFO - 	at java.base/java.net.InetAddress$NameServiceAddresses.get(Unknown Source)
[2026-03-17T10:55:00.532+0000] {subprocess.py:93} INFO - 	at java.base/java.net.InetAddress.getAllByName0(Unknown Source)
[2026-03-17T10:55:00.534+0000] {subprocess.py:93} INFO - 	... 15 more
[2026-03-17T10:55:01.790+0000] {subprocess.py:93} INFO - Exception in thread "main" java.lang.ExceptionInInitializerError
[2026-03-17T10:55:01.792+0000] {subprocess.py:93} INFO - 	at org.apache.spark.deploy.SparkSubmitArguments.$anonfun$loadEnvironmentArguments$5(SparkSubmitArguments.scala:163)
[2026-03-17T10:55:01.793+0000] {subprocess.py:93} INFO - 	at scala.Option.orElse(Option.scala:447)
[2026-03-17T10:55:01.796+0000] {subprocess.py:93} INFO - 	at org.apache.spark.deploy.SparkSubmitArguments.loadEnvironmentArguments(SparkSubmitArguments.scala:163)
[2026-03-17T10:55:01.799+0000] {subprocess.py:93} INFO - 	at org.apache.spark.deploy.SparkSubmitArguments.<init>(SparkSubmitArguments.scala:118)
[2026-03-17T10:55:01.800+0000] {subprocess.py:93} INFO - 	at org.apache.spark.deploy.SparkSubmit$$anon$2$$anon$3.<init>(SparkSubmit.scala:1103)
[2026-03-17T10:55:01.803+0000] {subprocess.py:93} INFO - 	at org.apache.spark.deploy.SparkSubmit$$anon$2.parseArguments(SparkSubmit.scala:1103)
[2026-03-17T10:55:01.805+0000] {subprocess.py:93} INFO - 	at org.apache.spark.deploy.SparkSubmit.doSubmit(SparkSubmit.scala:86)
[2026-03-17T10:55:01.806+0000] {subprocess.py:93} INFO - 	at org.apache.spark.deploy.SparkSubmit$$anon$2.doSubmit(SparkSubmit.scala:1120)
[2026-03-17T10:55:01.807+0000] {subprocess.py:93} INFO - 	at org.apache.spark.deploy.SparkSubmit$.main(SparkSubmit.scala:1129)
[2026-03-17T10:55:01.808+0000] {subprocess.py:93} INFO - 	at org.apache.spark.deploy.SparkSubmit.main(SparkSubmit.scala)
[2026-03-17T10:55:01.809+0000] {subprocess.py:93} INFO - Caused by: java.net.UnknownHostException: spark: spark: Temporary failure in name resolution
[2026-03-17T10:55:01.810+0000] {subprocess.py:93} INFO - 	at java.base/java.net.InetAddress.getLocalHost(Unknown Source)
[2026-03-17T10:55:01.811+0000] {subprocess.py:93} INFO - 	at org.apache.spark.util.Utils$.findLocalInetAddress(Utils.scala:957)
[2026-03-17T10:55:01.812+0000] {subprocess.py:93} INFO - 	at org.apache.spark.util.Utils$.localIpAddress$lzycompute(Utils.scala:950)
[2026-03-17T10:55:01.813+0000] {subprocess.py:93} INFO - 	at org.apache.spark.util.Utils$.localIpAddress(Utils.scala:950)
[2026-03-17T10:55:01.814+0000] {subprocess.py:93} INFO - 	at org.apache.spark.util.Utils$.$anonfun$localCanonicalHostName$1(Utils.scala:1007)
[2026-03-17T10:55:01.815+0000] {subprocess.py:93} INFO - 	at scala.Option.getOrElse(Option.scala:189)
[2026-03-17T10:55:01.816+0000] {subprocess.py:93} INFO - 	at org.apache.spark.util.Utils$.localCanonicalHostName(Utils.scala:1007)
[2026-03-17T10:55:01.818+0000] {subprocess.py:93} INFO - 	at org.apache.spark.internal.config.package$.<init>(package.scala:1063)
[2026-03-17T10:55:01.819+0000] {subprocess.py:93} INFO - 	at org.apache.spark.internal.config.package$.<clinit>(package.scala)
[2026-03-17T10:55:01.820+0000] {subprocess.py:93} INFO - 	... 10 more
[2026-03-17T10:55:01.822+0000] {subprocess.py:93} INFO - Caused by: java.net.UnknownHostException: spark: Temporary failure in name resolution
[2026-03-17T10:55:01.823+0000] {subprocess.py:93} INFO - 	at java.base/java.net.Inet6AddressImpl.lookupAllHostAddr(Native Method)
[2026-03-17T10:55:01.824+0000] {subprocess.py:93} INFO - 	at java.base/java.net.InetAddress$PlatformNameService.lookupAllHostAddr(Unknown Source)
[2026-03-17T10:55:01.825+0000] {subprocess.py:93} INFO - 	at java.base/java.net.InetAddress.getAddressesFromNameService(Unknown Source)
[2026-03-17T10:55:01.827+0000] {subprocess.py:93} INFO - 	at java.base/java.net.InetAddress$NameServiceAddresses.get(Unknown Source)
[2026-03-17T10:55:01.828+0000] {subprocess.py:93} INFO - 	at java.base/java.net.InetAddress.getAllByName0(Unknown Source)
[2026-03-17T10:55:01.829+0000] {subprocess.py:93} INFO - 	... 19 more
[2026-03-17T10:55:01.868+0000] {subprocess.py:97} INFO - Command exited with return code 1
[2026-03-17T10:55:01.902+0000] {taskinstance.py:2698} ERROR - Task failed with exception
Traceback (most recent call last):
  File "/home/airflow/.local/lib/python3.8/site-packages/airflow/models/taskinstance.py", line 433, in _execute_task
    result = execute_callable(context=context, **execute_callable_kwargs)
  File "/home/airflow/.local/lib/python3.8/site-packages/airflow/operators/bash.py", line 212, in execute
    raise AirflowException(
airflow.exceptions.AirflowException: Bash command failed. The command returned a non-zero exit code 1.
[2026-03-17T10:55:01.919+0000] {taskinstance.py:1138} INFO - Marking task as UP_FOR_RETRY. dag_id=etl_pipeline_finale, task_id=transform_data, execution_date=20260317T105324, start_date=20260317T105451, end_date=20260317T105501
[2026-03-17T10:55:01.990+0000] {standard_task_runner.py:107} ERROR - Failed to execute job 23 for task transform_data (Bash command failed. The command returned a non-zero exit code 1.; 1235)
[2026-03-17T10:55:02.036+0000] {local_task_job_runner.py:234} INFO - Task exited with return code 1
[2026-03-17T10:55:02.082+0000] {taskinstance.py:3280} INFO - 0 downstream tasks scheduled from follow-on schedule check
