[2026-03-17T10:57:04.090+0000] {taskinstance.py:1956} INFO - Dependencies all met for dep_context=non-requeueable deps ti=<TaskInstance: etl_pipeline_finale.transform_data manual__2026-03-17T10:53:24.117183+00:00 [queued]>
[2026-03-17T10:57:04.123+0000] {taskinstance.py:1956} INFO - Dependencies all met for dep_context=requeueable deps ti=<TaskInstance: etl_pipeline_finale.transform_data manual__2026-03-17T10:53:24.117183+00:00 [queued]>
[2026-03-17T10:57:04.125+0000] {taskinstance.py:2170} INFO - Starting attempt 2 of 3
[2026-03-17T10:57:04.190+0000] {taskinstance.py:2191} INFO - Executing <Task(BashOperator): transform_data> on 2026-03-17 10:53:24.117183+00:00
[2026-03-17T10:57:04.202+0000] {standard_task_runner.py:60} INFO - Started process 1273 to run task
[2026-03-17T10:57:04.213+0000] {standard_task_runner.py:87} INFO - Running: ['***', 'tasks', 'run', 'etl_pipeline_finale', 'transform_data', 'manual__2026-03-17T10:53:24.117183+00:00', '--job-id', '24', '--raw', '--subdir', 'DAGS_FOLDER/ETL_pipeline.py', '--cfg-path', '/tmp/tmpn9a0a5_5']
[2026-03-17T10:57:04.222+0000] {standard_task_runner.py:88} INFO - Job 24: Subtask transform_data
[2026-03-17T10:57:04.450+0000] {task_command.py:423} INFO - Running <TaskInstance: etl_pipeline_finale.transform_data manual__2026-03-17T10:53:24.117183+00:00 [running]> on host 57dd1bcf62af
[2026-03-17T10:57:04.736+0000] {taskinstance.py:2480} INFO - Exporting env vars: AIRFLOW_CTX_DAG_OWNER='ETL_TBD_ATUT_2026' AIRFLOW_CTX_DAG_ID='etl_pipeline_finale' AIRFLOW_CTX_TASK_ID='transform_data' AIRFLOW_CTX_EXECUTION_DATE='2026-03-17T10:53:24.117183+00:00' AIRFLOW_CTX_TRY_NUMBER='2' AIRFLOW_CTX_DAG_RUN_ID='manual__2026-03-17T10:53:24.117183+00:00'
[2026-03-17T10:57:04.741+0000] {subprocess.py:63} INFO - Tmp dir root location: /tmp
[2026-03-17T10:57:04.745+0000] {subprocess.py:75} INFO - Running command: ['/usr/bin/bash', '-c', '\n        docker exec -i --user root spark         /opt/spark/bin/spark-submit         --conf spark.jars.ivy=/tmp/ivy         --conf spark.hadoop.fs.s3a.endpoint=$MINIO_ENDPOINT         --conf spark.hadoop.fs.s3a.access.key=$MINIO_ACCESS_KEY         --conf spark.hadoop.fs.s3a.secret.key=$MINIO_SECRET_KEY         --conf spark.hadoop.fs.s3a.path.style.access=true         --conf spark.hadoop.fs.s3a.impl=org.apache.hadoop.fs.s3a.S3AFileSystem         --packages org.apache.hadoop:hadoop-aws:3.3.4         /opt/spark/jobs/transformation.py\n        ']
[2026-03-17T10:57:04.778+0000] {subprocess.py:86} INFO - Output:
[2026-03-17T10:57:12.729+0000] {subprocess.py:93} INFO - ERROR StatusLogger Could not determine local host name
[2026-03-17T10:57:12.732+0000] {subprocess.py:93} INFO -  java.net.UnknownHostException: spark: spark: Temporary failure in name resolution
[2026-03-17T10:57:12.745+0000] {subprocess.py:93} INFO - 	at java.base/java.net.InetAddress.getLocalHost(Unknown Source)
[2026-03-17T10:57:12.747+0000] {subprocess.py:93} INFO - 	at org.apache.logging.log4j.core.util.NetUtils.getLocalHostname(NetUtils.java:56)
[2026-03-17T10:57:12.751+0000] {subprocess.py:93} INFO - 	at org.apache.logging.log4j.core.LoggerContext.lambda$setConfiguration$0(LoggerContext.java:615)
[2026-03-17T10:57:12.753+0000] {subprocess.py:93} INFO - 	at java.base/java.util.concurrent.ConcurrentHashMap.computeIfAbsent(Unknown Source)
[2026-03-17T10:57:12.754+0000] {subprocess.py:93} INFO - 	at org.apache.logging.log4j.core.LoggerContext.setConfiguration(LoggerContext.java:615)
[2026-03-17T10:57:12.756+0000] {subprocess.py:93} INFO - 	at org.apache.logging.log4j.core.LoggerContext.reconfigure(LoggerContext.java:694)
[2026-03-17T10:57:12.757+0000] {subprocess.py:93} INFO - 	at org.apache.logging.log4j.core.LoggerContext.reconfigure(LoggerContext.java:711)
[2026-03-17T10:57:12.759+0000] {subprocess.py:93} INFO - 	at org.apache.logging.log4j.core.LoggerContext.start(LoggerContext.java:253)
[2026-03-17T10:57:12.760+0000] {subprocess.py:93} INFO - 	at org.apache.logging.log4j.core.impl.Log4jContextFactory.getContext(Log4jContextFactory.java:245)
[2026-03-17T10:57:12.762+0000] {subprocess.py:93} INFO - 	at org.apache.logging.log4j.core.impl.Log4jContextFactory.getContext(Log4jContextFactory.java:47)
[2026-03-17T10:57:12.765+0000] {subprocess.py:93} INFO - 	at org.apache.logging.log4j.LogManager.getContext(LogManager.java:176)
[2026-03-17T10:57:12.767+0000] {subprocess.py:93} INFO - 	at org.apache.logging.log4j.LogManager.getLogger(LogManager.java:666)
[2026-03-17T10:57:12.770+0000] {subprocess.py:93} INFO - 	at org.apache.logging.log4j.LogManager.getRootLogger(LogManager.java:700)
[2026-03-17T10:57:12.772+0000] {subprocess.py:93} INFO - 	at org.apache.spark.internal.Logging.initializeLogging(Logging.scala:129)
[2026-03-17T10:57:12.774+0000] {subprocess.py:93} INFO - 	at org.apache.spark.internal.Logging.initializeLogIfNecessary(Logging.scala:114)
[2026-03-17T10:57:12.775+0000] {subprocess.py:93} INFO - 	at org.apache.spark.internal.Logging.initializeLogIfNecessary$(Logging.scala:108)
[2026-03-17T10:57:12.778+0000] {subprocess.py:93} INFO - 	at org.apache.spark.deploy.SparkSubmit.initializeLogIfNecessary(SparkSubmit.scala:76)
[2026-03-17T10:57:12.780+0000] {subprocess.py:93} INFO - 	at org.apache.spark.deploy.SparkSubmit.doSubmit(SparkSubmit.scala:84)
[2026-03-17T10:57:12.782+0000] {subprocess.py:93} INFO - 	at org.apache.spark.deploy.SparkSubmit$$anon$2.doSubmit(SparkSubmit.scala:1120)
[2026-03-17T10:57:12.784+0000] {subprocess.py:93} INFO - 	at org.apache.spark.deploy.SparkSubmit$.main(SparkSubmit.scala:1129)
[2026-03-17T10:57:12.786+0000] {subprocess.py:93} INFO - 	at org.apache.spark.deploy.SparkSubmit.main(SparkSubmit.scala)
[2026-03-17T10:57:12.789+0000] {subprocess.py:93} INFO - Caused by: java.net.UnknownHostException: spark: Temporary failure in name resolution
[2026-03-17T10:57:12.792+0000] {subprocess.py:93} INFO - 	at java.base/java.net.Inet6AddressImpl.lookupAllHostAddr(Native Method)
[2026-03-17T10:57:12.794+0000] {subprocess.py:93} INFO - 	at java.base/java.net.InetAddress$PlatformNameService.lookupAllHostAddr(Unknown Source)
[2026-03-17T10:57:12.796+0000] {subprocess.py:93} INFO - 	at java.base/java.net.InetAddress.getAddressesFromNameService(Unknown Source)
[2026-03-17T10:57:12.798+0000] {subprocess.py:93} INFO - 	at java.base/java.net.InetAddress$NameServiceAddresses.get(Unknown Source)
[2026-03-17T10:57:12.800+0000] {subprocess.py:93} INFO - 	at java.base/java.net.InetAddress.getAllByName0(Unknown Source)
[2026-03-17T10:57:12.803+0000] {subprocess.py:93} INFO - 	... 21 more
[2026-03-17T10:57:13.355+0000] {subprocess.py:93} INFO - ERROR StatusConsoleListener Could not determine local host name
[2026-03-17T10:57:13.358+0000] {subprocess.py:93} INFO -  java.net.UnknownHostException: spark: spark: Temporary failure in name resolution
[2026-03-17T10:57:13.360+0000] {subprocess.py:93} INFO - 	at java.base/java.net.InetAddress.getLocalHost(Unknown Source)
[2026-03-17T10:57:13.362+0000] {subprocess.py:93} INFO - 	at org.apache.logging.log4j.core.util.NetUtils.getLocalHostname(NetUtils.java:56)
[2026-03-17T10:57:13.363+0000] {subprocess.py:93} INFO - 	at org.apache.logging.log4j.core.LoggerContext.lambda$setConfiguration$0(LoggerContext.java:615)
[2026-03-17T10:57:13.365+0000] {subprocess.py:93} INFO - 	at java.base/java.util.concurrent.ConcurrentHashMap.computeIfAbsent(Unknown Source)
[2026-03-17T10:57:13.367+0000] {subprocess.py:93} INFO - 	at org.apache.logging.log4j.core.LoggerContext.setConfiguration(LoggerContext.java:615)
[2026-03-17T10:57:13.369+0000] {subprocess.py:93} INFO - 	at org.apache.logging.log4j.core.LoggerContext.reconfigure(LoggerContext.java:694)
[2026-03-17T10:57:13.371+0000] {subprocess.py:93} INFO - 	at org.apache.logging.log4j.core.LoggerContext.setConfigLocation(LoggerContext.java:679)
[2026-03-17T10:57:13.373+0000] {subprocess.py:93} INFO - 	at org.apache.spark.internal.Logging.initializeLogging(Logging.scala:139)
[2026-03-17T10:57:13.375+0000] {subprocess.py:93} INFO - 	at org.apache.spark.internal.Logging.initializeLogIfNecessary(Logging.scala:114)
[2026-03-17T10:57:13.377+0000] {subprocess.py:93} INFO - 	at org.apache.spark.internal.Logging.initializeLogIfNecessary$(Logging.scala:108)
[2026-03-17T10:57:13.379+0000] {subprocess.py:93} INFO - 	at org.apache.spark.deploy.SparkSubmit.initializeLogIfNecessary(SparkSubmit.scala:76)
[2026-03-17T10:57:13.381+0000] {subprocess.py:93} INFO - 	at org.apache.spark.deploy.SparkSubmit.doSubmit(SparkSubmit.scala:84)
[2026-03-17T10:57:13.383+0000] {subprocess.py:93} INFO - 	at org.apache.spark.deploy.SparkSubmit$$anon$2.doSubmit(SparkSubmit.scala:1120)
[2026-03-17T10:57:13.385+0000] {subprocess.py:93} INFO - 	at org.apache.spark.deploy.SparkSubmit$.main(SparkSubmit.scala:1129)
[2026-03-17T10:57:13.386+0000] {subprocess.py:93} INFO - 	at org.apache.spark.deploy.SparkSubmit.main(SparkSubmit.scala)
[2026-03-17T10:57:13.389+0000] {subprocess.py:93} INFO - Caused by: java.net.UnknownHostException: spark: Temporary failure in name resolution
[2026-03-17T10:57:13.391+0000] {subprocess.py:93} INFO - 	at java.base/java.net.Inet6AddressImpl.lookupAllHostAddr(Native Method)
[2026-03-17T10:57:13.393+0000] {subprocess.py:93} INFO - 	at java.base/java.net.InetAddress$PlatformNameService.lookupAllHostAddr(Unknown Source)
[2026-03-17T10:57:13.395+0000] {subprocess.py:93} INFO - 	at java.base/java.net.InetAddress.getAddressesFromNameService(Unknown Source)
[2026-03-17T10:57:13.397+0000] {subprocess.py:93} INFO - 	at java.base/java.net.InetAddress$NameServiceAddresses.get(Unknown Source)
[2026-03-17T10:57:13.399+0000] {subprocess.py:93} INFO - 	at java.base/java.net.InetAddress.getAllByName0(Unknown Source)
[2026-03-17T10:57:13.401+0000] {subprocess.py:93} INFO - 	... 15 more
[2026-03-17T10:57:14.713+0000] {subprocess.py:93} INFO - Exception in thread "main" java.lang.ExceptionInInitializerError
[2026-03-17T10:57:14.716+0000] {subprocess.py:93} INFO - 	at org.apache.spark.deploy.SparkSubmitArguments.$anonfun$loadEnvironmentArguments$5(SparkSubmitArguments.scala:163)
[2026-03-17T10:57:14.719+0000] {subprocess.py:93} INFO - 	at scala.Option.orElse(Option.scala:447)
[2026-03-17T10:57:14.721+0000] {subprocess.py:93} INFO - 	at org.apache.spark.deploy.SparkSubmitArguments.loadEnvironmentArguments(SparkSubmitArguments.scala:163)
[2026-03-17T10:57:14.722+0000] {subprocess.py:93} INFO - 	at org.apache.spark.deploy.SparkSubmitArguments.<init>(SparkSubmitArguments.scala:118)
[2026-03-17T10:57:14.725+0000] {subprocess.py:93} INFO - 	at org.apache.spark.deploy.SparkSubmit$$anon$2$$anon$3.<init>(SparkSubmit.scala:1103)
[2026-03-17T10:57:14.727+0000] {subprocess.py:93} INFO - 	at org.apache.spark.deploy.SparkSubmit$$anon$2.parseArguments(SparkSubmit.scala:1103)
[2026-03-17T10:57:14.728+0000] {subprocess.py:93} INFO - 	at org.apache.spark.deploy.SparkSubmit.doSubmit(SparkSubmit.scala:86)
[2026-03-17T10:57:14.730+0000] {subprocess.py:93} INFO - 	at org.apache.spark.deploy.SparkSubmit$$anon$2.doSubmit(SparkSubmit.scala:1120)
[2026-03-17T10:57:14.731+0000] {subprocess.py:93} INFO - 	at org.apache.spark.deploy.SparkSubmit$.main(SparkSubmit.scala:1129)
[2026-03-17T10:57:14.732+0000] {subprocess.py:93} INFO - 	at org.apache.spark.deploy.SparkSubmit.main(SparkSubmit.scala)
[2026-03-17T10:57:14.735+0000] {subprocess.py:93} INFO - Caused by: java.net.UnknownHostException: spark: spark: Temporary failure in name resolution
[2026-03-17T10:57:14.736+0000] {subprocess.py:93} INFO - 	at java.base/java.net.InetAddress.getLocalHost(Unknown Source)
[2026-03-17T10:57:14.737+0000] {subprocess.py:93} INFO - 	at org.apache.spark.util.Utils$.findLocalInetAddress(Utils.scala:957)
[2026-03-17T10:57:14.738+0000] {subprocess.py:93} INFO - 	at org.apache.spark.util.Utils$.localIpAddress$lzycompute(Utils.scala:950)
[2026-03-17T10:57:14.740+0000] {subprocess.py:93} INFO - 	at org.apache.spark.util.Utils$.localIpAddress(Utils.scala:950)
[2026-03-17T10:57:14.741+0000] {subprocess.py:93} INFO - 	at org.apache.spark.util.Utils$.$anonfun$localCanonicalHostName$1(Utils.scala:1007)
[2026-03-17T10:57:14.742+0000] {subprocess.py:93} INFO - 	at scala.Option.getOrElse(Option.scala:189)
[2026-03-17T10:57:14.743+0000] {subprocess.py:93} INFO - 	at org.apache.spark.util.Utils$.localCanonicalHostName(Utils.scala:1007)
[2026-03-17T10:57:14.745+0000] {subprocess.py:93} INFO - 	at org.apache.spark.internal.config.package$.<init>(package.scala:1063)
[2026-03-17T10:57:14.746+0000] {subprocess.py:93} INFO - 	at org.apache.spark.internal.config.package$.<clinit>(package.scala)
[2026-03-17T10:57:14.747+0000] {subprocess.py:93} INFO - 	... 10 more
[2026-03-17T10:57:14.748+0000] {subprocess.py:93} INFO - Caused by: java.net.UnknownHostException: spark: Temporary failure in name resolution
[2026-03-17T10:57:14.750+0000] {subprocess.py:93} INFO - 	at java.base/java.net.Inet6AddressImpl.lookupAllHostAddr(Native Method)
[2026-03-17T10:57:14.752+0000] {subprocess.py:93} INFO - 	at java.base/java.net.InetAddress$PlatformNameService.lookupAllHostAddr(Unknown Source)
[2026-03-17T10:57:14.753+0000] {subprocess.py:93} INFO - 	at java.base/java.net.InetAddress.getAddressesFromNameService(Unknown Source)
[2026-03-17T10:57:14.754+0000] {subprocess.py:93} INFO - 	at java.base/java.net.InetAddress$NameServiceAddresses.get(Unknown Source)
[2026-03-17T10:57:14.755+0000] {subprocess.py:93} INFO - 	at java.base/java.net.InetAddress.getAllByName0(Unknown Source)
[2026-03-17T10:57:14.756+0000] {subprocess.py:93} INFO - 	... 19 more
[2026-03-17T10:57:14.789+0000] {subprocess.py:97} INFO - Command exited with return code 1
[2026-03-17T10:57:14.832+0000] {taskinstance.py:2698} ERROR - Task failed with exception
Traceback (most recent call last):
  File "/home/airflow/.local/lib/python3.8/site-packages/airflow/models/taskinstance.py", line 433, in _execute_task
    result = execute_callable(context=context, **execute_callable_kwargs)
  File "/home/airflow/.local/lib/python3.8/site-packages/airflow/operators/bash.py", line 212, in execute
    raise AirflowException(
airflow.exceptions.AirflowException: Bash command failed. The command returned a non-zero exit code 1.
[2026-03-17T10:57:14.844+0000] {taskinstance.py:1138} INFO - Marking task as UP_FOR_RETRY. dag_id=etl_pipeline_finale, task_id=transform_data, execution_date=20260317T105324, start_date=20260317T105704, end_date=20260317T105714
[2026-03-17T10:57:14.954+0000] {standard_task_runner.py:107} ERROR - Failed to execute job 24 for task transform_data (Bash command failed. The command returned a non-zero exit code 1.; 1273)
[2026-03-17T10:57:15.002+0000] {local_task_job_runner.py:234} INFO - Task exited with return code 1
[2026-03-17T10:57:15.078+0000] {taskinstance.py:3280} INFO - 0 downstream tasks scheduled from follow-on schedule check
