[2026-03-17T10:59:16.291+0000] {taskinstance.py:1956} INFO - Dependencies all met for dep_context=non-requeueable deps ti=<TaskInstance: etl_pipeline_finale.transform_data manual__2026-03-17T10:53:24.117183+00:00 [queued]>
[2026-03-17T10:59:16.339+0000] {taskinstance.py:1956} INFO - Dependencies all met for dep_context=requeueable deps ti=<TaskInstance: etl_pipeline_finale.transform_data manual__2026-03-17T10:53:24.117183+00:00 [queued]>
[2026-03-17T10:59:16.341+0000] {taskinstance.py:2170} INFO - Starting attempt 3 of 3
[2026-03-17T10:59:16.433+0000] {taskinstance.py:2191} INFO - Executing <Task(BashOperator): transform_data> on 2026-03-17 10:53:24.117183+00:00
[2026-03-17T10:59:16.446+0000] {standard_task_runner.py:60} INFO - Started process 1306 to run task
[2026-03-17T10:59:16.469+0000] {standard_task_runner.py:87} INFO - Running: ['***', 'tasks', 'run', 'etl_pipeline_finale', 'transform_data', 'manual__2026-03-17T10:53:24.117183+00:00', '--job-id', '25', '--raw', '--subdir', 'DAGS_FOLDER/ETL_pipeline.py', '--cfg-path', '/tmp/tmp_4uotcj9']
[2026-03-17T10:59:16.487+0000] {standard_task_runner.py:88} INFO - Job 25: Subtask transform_data
[2026-03-17T10:59:16.856+0000] {task_command.py:423} INFO - Running <TaskInstance: etl_pipeline_finale.transform_data manual__2026-03-17T10:53:24.117183+00:00 [running]> on host 57dd1bcf62af
[2026-03-17T10:59:17.195+0000] {taskinstance.py:2480} INFO - Exporting env vars: AIRFLOW_CTX_DAG_OWNER='ETL_TBD_ATUT_2026' AIRFLOW_CTX_DAG_ID='etl_pipeline_finale' AIRFLOW_CTX_TASK_ID='transform_data' AIRFLOW_CTX_EXECUTION_DATE='2026-03-17T10:53:24.117183+00:00' AIRFLOW_CTX_TRY_NUMBER='3' AIRFLOW_CTX_DAG_RUN_ID='manual__2026-03-17T10:53:24.117183+00:00'
[2026-03-17T10:59:17.200+0000] {subprocess.py:63} INFO - Tmp dir root location: /tmp
[2026-03-17T10:59:17.203+0000] {subprocess.py:75} INFO - Running command: ['/usr/bin/bash', '-c', '\n        docker exec -i --user root spark         /opt/spark/bin/spark-submit         --conf spark.jars.ivy=/tmp/ivy         --conf spark.hadoop.fs.s3a.endpoint=$MINIO_ENDPOINT         --conf spark.hadoop.fs.s3a.access.key=$MINIO_ACCESS_KEY         --conf spark.hadoop.fs.s3a.secret.key=$MINIO_SECRET_KEY         --conf spark.hadoop.fs.s3a.path.style.access=true         --conf spark.hadoop.fs.s3a.impl=org.apache.hadoop.fs.s3a.S3AFileSystem         --packages org.apache.hadoop:hadoop-aws:3.3.4         /opt/spark/jobs/transformation.py\n        ']
[2026-03-17T10:59:17.227+0000] {subprocess.py:86} INFO - Output:
[2026-03-17T10:59:23.372+0000] {subprocess.py:93} INFO - ERROR StatusLogger Could not determine local host name
[2026-03-17T10:59:23.374+0000] {subprocess.py:93} INFO -  java.net.UnknownHostException: spark: spark: Temporary failure in name resolution
[2026-03-17T10:59:23.376+0000] {subprocess.py:93} INFO - 	at java.base/java.net.InetAddress.getLocalHost(Unknown Source)
[2026-03-17T10:59:23.378+0000] {subprocess.py:93} INFO - 	at org.apache.logging.log4j.core.util.NetUtils.getLocalHostname(NetUtils.java:56)
[2026-03-17T10:59:23.379+0000] {subprocess.py:93} INFO - 	at org.apache.logging.log4j.core.LoggerContext.lambda$setConfiguration$0(LoggerContext.java:615)
[2026-03-17T10:59:23.380+0000] {subprocess.py:93} INFO - 	at java.base/java.util.concurrent.ConcurrentHashMap.computeIfAbsent(Unknown Source)
[2026-03-17T10:59:23.382+0000] {subprocess.py:93} INFO - 	at org.apache.logging.log4j.core.LoggerContext.setConfiguration(LoggerContext.java:615)
[2026-03-17T10:59:23.383+0000] {subprocess.py:93} INFO - 	at org.apache.logging.log4j.core.LoggerContext.reconfigure(LoggerContext.java:694)
[2026-03-17T10:59:23.385+0000] {subprocess.py:93} INFO - 	at org.apache.logging.log4j.core.LoggerContext.reconfigure(LoggerContext.java:711)
[2026-03-17T10:59:23.387+0000] {subprocess.py:93} INFO - 	at org.apache.logging.log4j.core.LoggerContext.start(LoggerContext.java:253)
[2026-03-17T10:59:23.389+0000] {subprocess.py:93} INFO - 	at org.apache.logging.log4j.core.impl.Log4jContextFactory.getContext(Log4jContextFactory.java:245)
[2026-03-17T10:59:23.390+0000] {subprocess.py:93} INFO - 	at org.apache.logging.log4j.core.impl.Log4jContextFactory.getContext(Log4jContextFactory.java:47)
[2026-03-17T10:59:23.392+0000] {subprocess.py:93} INFO - 	at org.apache.logging.log4j.LogManager.getContext(LogManager.java:176)
[2026-03-17T10:59:23.393+0000] {subprocess.py:93} INFO - 	at org.apache.logging.log4j.LogManager.getLogger(LogManager.java:666)
[2026-03-17T10:59:23.395+0000] {subprocess.py:93} INFO - 	at org.apache.logging.log4j.LogManager.getRootLogger(LogManager.java:700)
[2026-03-17T10:59:23.396+0000] {subprocess.py:93} INFO - 	at org.apache.spark.internal.Logging.initializeLogging(Logging.scala:129)
[2026-03-17T10:59:23.398+0000] {subprocess.py:93} INFO - 	at org.apache.spark.internal.Logging.initializeLogIfNecessary(Logging.scala:114)
[2026-03-17T10:59:23.400+0000] {subprocess.py:93} INFO - 	at org.apache.spark.internal.Logging.initializeLogIfNecessary$(Logging.scala:108)
[2026-03-17T10:59:23.401+0000] {subprocess.py:93} INFO - 	at org.apache.spark.deploy.SparkSubmit.initializeLogIfNecessary(SparkSubmit.scala:76)
[2026-03-17T10:59:23.402+0000] {subprocess.py:93} INFO - 	at org.apache.spark.deploy.SparkSubmit.doSubmit(SparkSubmit.scala:84)
[2026-03-17T10:59:23.403+0000] {subprocess.py:93} INFO - 	at org.apache.spark.deploy.SparkSubmit$$anon$2.doSubmit(SparkSubmit.scala:1120)
[2026-03-17T10:59:23.404+0000] {subprocess.py:93} INFO - 	at org.apache.spark.deploy.SparkSubmit$.main(SparkSubmit.scala:1129)
[2026-03-17T10:59:23.405+0000] {subprocess.py:93} INFO - 	at org.apache.spark.deploy.SparkSubmit.main(SparkSubmit.scala)
[2026-03-17T10:59:23.407+0000] {subprocess.py:93} INFO - Caused by: java.net.UnknownHostException: spark: Temporary failure in name resolution
[2026-03-17T10:59:23.408+0000] {subprocess.py:93} INFO - 	at java.base/java.net.Inet6AddressImpl.lookupAllHostAddr(Native Method)
[2026-03-17T10:59:23.409+0000] {subprocess.py:93} INFO - 	at java.base/java.net.InetAddress$PlatformNameService.lookupAllHostAddr(Unknown Source)
[2026-03-17T10:59:23.410+0000] {subprocess.py:93} INFO - 	at java.base/java.net.InetAddress.getAddressesFromNameService(Unknown Source)
[2026-03-17T10:59:23.411+0000] {subprocess.py:93} INFO - 	at java.base/java.net.InetAddress$NameServiceAddresses.get(Unknown Source)
[2026-03-17T10:59:23.412+0000] {subprocess.py:93} INFO - 	at java.base/java.net.InetAddress.getAllByName0(Unknown Source)
[2026-03-17T10:59:23.414+0000] {subprocess.py:93} INFO - 	... 21 more
[2026-03-17T10:59:23.759+0000] {subprocess.py:93} INFO - ERROR StatusConsoleListener Could not determine local host name
[2026-03-17T10:59:23.761+0000] {subprocess.py:93} INFO -  java.net.UnknownHostException: spark: spark: Temporary failure in name resolution
[2026-03-17T10:59:23.765+0000] {subprocess.py:93} INFO - 	at java.base/java.net.InetAddress.getLocalHost(Unknown Source)
[2026-03-17T10:59:23.774+0000] {subprocess.py:93} INFO - 	at org.apache.logging.log4j.core.util.NetUtils.getLocalHostname(NetUtils.java:56)
[2026-03-17T10:59:23.776+0000] {subprocess.py:93} INFO - 	at org.apache.logging.log4j.core.LoggerContext.lambda$setConfiguration$0(LoggerContext.java:615)
[2026-03-17T10:59:23.777+0000] {subprocess.py:93} INFO - 	at java.base/java.util.concurrent.ConcurrentHashMap.computeIfAbsent(Unknown Source)
[2026-03-17T10:59:23.779+0000] {subprocess.py:93} INFO - 	at org.apache.logging.log4j.core.LoggerContext.setConfiguration(LoggerContext.java:615)
[2026-03-17T10:59:23.781+0000] {subprocess.py:93} INFO - 	at org.apache.logging.log4j.core.LoggerContext.reconfigure(LoggerContext.java:694)
[2026-03-17T10:59:23.782+0000] {subprocess.py:93} INFO - 	at org.apache.logging.log4j.core.LoggerContext.setConfigLocation(LoggerContext.java:679)
[2026-03-17T10:59:23.784+0000] {subprocess.py:93} INFO - 	at org.apache.spark.internal.Logging.initializeLogging(Logging.scala:139)
[2026-03-17T10:59:23.785+0000] {subprocess.py:93} INFO - 	at org.apache.spark.internal.Logging.initializeLogIfNecessary(Logging.scala:114)
[2026-03-17T10:59:23.787+0000] {subprocess.py:93} INFO - 	at org.apache.spark.internal.Logging.initializeLogIfNecessary$(Logging.scala:108)
[2026-03-17T10:59:23.788+0000] {subprocess.py:93} INFO - 	at org.apache.spark.deploy.SparkSubmit.initializeLogIfNecessary(SparkSubmit.scala:76)
[2026-03-17T10:59:23.789+0000] {subprocess.py:93} INFO - 	at org.apache.spark.deploy.SparkSubmit.doSubmit(SparkSubmit.scala:84)
[2026-03-17T10:59:23.790+0000] {subprocess.py:93} INFO - 	at org.apache.spark.deploy.SparkSubmit$$anon$2.doSubmit(SparkSubmit.scala:1120)
[2026-03-17T10:59:23.792+0000] {subprocess.py:93} INFO - 	at org.apache.spark.deploy.SparkSubmit$.main(SparkSubmit.scala:1129)
[2026-03-17T10:59:23.793+0000] {subprocess.py:93} INFO - 	at org.apache.spark.deploy.SparkSubmit.main(SparkSubmit.scala)
[2026-03-17T10:59:23.794+0000] {subprocess.py:93} INFO - Caused by: java.net.UnknownHostException: spark: Temporary failure in name resolution
[2026-03-17T10:59:23.799+0000] {subprocess.py:93} INFO - 	at java.base/java.net.Inet6AddressImpl.lookupAllHostAddr(Native Method)
[2026-03-17T10:59:23.801+0000] {subprocess.py:93} INFO - 	at java.base/java.net.InetAddress$PlatformNameService.lookupAllHostAddr(Unknown Source)
[2026-03-17T10:59:23.803+0000] {subprocess.py:93} INFO - 	at java.base/java.net.InetAddress.getAddressesFromNameService(Unknown Source)
[2026-03-17T10:59:23.804+0000] {subprocess.py:93} INFO - 	at java.base/java.net.InetAddress$NameServiceAddresses.get(Unknown Source)
[2026-03-17T10:59:23.806+0000] {subprocess.py:93} INFO - 	at java.base/java.net.InetAddress.getAllByName0(Unknown Source)
[2026-03-17T10:59:23.808+0000] {subprocess.py:93} INFO - 	... 15 more
[2026-03-17T10:59:24.611+0000] {subprocess.py:93} INFO - Exception in thread "main" java.lang.ExceptionInInitializerError
[2026-03-17T10:59:24.613+0000] {subprocess.py:93} INFO - 	at org.apache.spark.deploy.SparkSubmitArguments.$anonfun$loadEnvironmentArguments$5(SparkSubmitArguments.scala:163)
[2026-03-17T10:59:24.614+0000] {subprocess.py:93} INFO - 	at scala.Option.orElse(Option.scala:447)
[2026-03-17T10:59:24.616+0000] {subprocess.py:93} INFO - 	at org.apache.spark.deploy.SparkSubmitArguments.loadEnvironmentArguments(SparkSubmitArguments.scala:163)
[2026-03-17T10:59:24.617+0000] {subprocess.py:93} INFO - 	at org.apache.spark.deploy.SparkSubmitArguments.<init>(SparkSubmitArguments.scala:118)
[2026-03-17T10:59:24.618+0000] {subprocess.py:93} INFO - 	at org.apache.spark.deploy.SparkSubmit$$anon$2$$anon$3.<init>(SparkSubmit.scala:1103)
[2026-03-17T10:59:24.619+0000] {subprocess.py:93} INFO - 	at org.apache.spark.deploy.SparkSubmit$$anon$2.parseArguments(SparkSubmit.scala:1103)
[2026-03-17T10:59:24.620+0000] {subprocess.py:93} INFO - 	at org.apache.spark.deploy.SparkSubmit.doSubmit(SparkSubmit.scala:86)
[2026-03-17T10:59:24.621+0000] {subprocess.py:93} INFO - 	at org.apache.spark.deploy.SparkSubmit$$anon$2.doSubmit(SparkSubmit.scala:1120)
[2026-03-17T10:59:24.622+0000] {subprocess.py:93} INFO - 	at org.apache.spark.deploy.SparkSubmit$.main(SparkSubmit.scala:1129)
[2026-03-17T10:59:24.623+0000] {subprocess.py:93} INFO - 	at org.apache.spark.deploy.SparkSubmit.main(SparkSubmit.scala)
[2026-03-17T10:59:24.624+0000] {subprocess.py:93} INFO - Caused by: java.net.UnknownHostException: spark: spark: Temporary failure in name resolution
[2026-03-17T10:59:24.625+0000] {subprocess.py:93} INFO - 	at java.base/java.net.InetAddress.getLocalHost(Unknown Source)
[2026-03-17T10:59:24.626+0000] {subprocess.py:93} INFO - 	at org.apache.spark.util.Utils$.findLocalInetAddress(Utils.scala:957)
[2026-03-17T10:59:24.627+0000] {subprocess.py:93} INFO - 	at org.apache.spark.util.Utils$.localIpAddress$lzycompute(Utils.scala:950)
[2026-03-17T10:59:24.628+0000] {subprocess.py:93} INFO - 	at org.apache.spark.util.Utils$.localIpAddress(Utils.scala:950)
[2026-03-17T10:59:24.629+0000] {subprocess.py:93} INFO - 	at org.apache.spark.util.Utils$.$anonfun$localCanonicalHostName$1(Utils.scala:1007)
[2026-03-17T10:59:24.630+0000] {subprocess.py:93} INFO - 	at scala.Option.getOrElse(Option.scala:189)
[2026-03-17T10:59:24.631+0000] {subprocess.py:93} INFO - 	at org.apache.spark.util.Utils$.localCanonicalHostName(Utils.scala:1007)
[2026-03-17T10:59:24.632+0000] {subprocess.py:93} INFO - 	at org.apache.spark.internal.config.package$.<init>(package.scala:1063)
[2026-03-17T10:59:24.632+0000] {subprocess.py:93} INFO - 	at org.apache.spark.internal.config.package$.<clinit>(package.scala)
[2026-03-17T10:59:24.633+0000] {subprocess.py:93} INFO - 	... 10 more
[2026-03-17T10:59:24.634+0000] {subprocess.py:93} INFO - Caused by: java.net.UnknownHostException: spark: Temporary failure in name resolution
[2026-03-17T10:59:24.635+0000] {subprocess.py:93} INFO - 	at java.base/java.net.Inet6AddressImpl.lookupAllHostAddr(Native Method)
[2026-03-17T10:59:24.635+0000] {subprocess.py:93} INFO - 	at java.base/java.net.InetAddress$PlatformNameService.lookupAllHostAddr(Unknown Source)
[2026-03-17T10:59:24.636+0000] {subprocess.py:93} INFO - 	at java.base/java.net.InetAddress.getAddressesFromNameService(Unknown Source)
[2026-03-17T10:59:24.637+0000] {subprocess.py:93} INFO - 	at java.base/java.net.InetAddress$NameServiceAddresses.get(Unknown Source)
[2026-03-17T10:59:24.638+0000] {subprocess.py:93} INFO - 	at java.base/java.net.InetAddress.getAllByName0(Unknown Source)
[2026-03-17T10:59:24.639+0000] {subprocess.py:93} INFO - 	... 19 more
[2026-03-17T10:59:24.672+0000] {subprocess.py:97} INFO - Command exited with return code 1
[2026-03-17T10:59:24.696+0000] {taskinstance.py:2698} ERROR - Task failed with exception
Traceback (most recent call last):
  File "/home/airflow/.local/lib/python3.8/site-packages/airflow/models/taskinstance.py", line 433, in _execute_task
    result = execute_callable(context=context, **execute_callable_kwargs)
  File "/home/airflow/.local/lib/python3.8/site-packages/airflow/operators/bash.py", line 212, in execute
    raise AirflowException(
airflow.exceptions.AirflowException: Bash command failed. The command returned a non-zero exit code 1.
[2026-03-17T10:59:24.703+0000] {taskinstance.py:1138} INFO - Marking task as FAILED. dag_id=etl_pipeline_finale, task_id=transform_data, execution_date=20260317T105324, start_date=20260317T105916, end_date=20260317T105924
[2026-03-17T10:59:24.744+0000] {standard_task_runner.py:107} ERROR - Failed to execute job 25 for task transform_data (Bash command failed. The command returned a non-zero exit code 1.; 1306)
[2026-03-17T10:59:24.785+0000] {local_task_job_runner.py:234} INFO - Task exited with return code 1
[2026-03-17T10:59:24.821+0000] {taskinstance.py:3280} INFO - 0 downstream tasks scheduled from follow-on schedule check
