[2026-03-18T15:48:36.990+0000] {taskinstance.py:1956} INFO - Dependencies all met for dep_context=non-requeueable deps ti=<TaskInstance: pipeline_ETL.extract_data manual__2026-03-18T15:48:34.273393+00:00 [queued]>
[2026-03-18T15:48:37.006+0000] {taskinstance.py:1956} INFO - Dependencies all met for dep_context=requeueable deps ti=<TaskInstance: pipeline_ETL.extract_data manual__2026-03-18T15:48:34.273393+00:00 [queued]>
[2026-03-18T15:48:37.007+0000] {taskinstance.py:2170} INFO - Starting attempt 1 of 3
[2026-03-18T15:48:37.053+0000] {taskinstance.py:2191} INFO - Executing <Task(BashOperator): extract_data> on 2026-03-18 15:48:34.273393+00:00
[2026-03-18T15:48:37.064+0000] {standard_task_runner.py:60} INFO - Started process 1539 to run task
[2026-03-18T15:48:37.073+0000] {standard_task_runner.py:87} INFO - Running: ['***', 'tasks', 'run', 'pipeline_ETL', 'extract_data', 'manual__2026-03-18T15:48:34.273393+00:00', '--job-id', '44', '--raw', '--subdir', 'DAGS_FOLDER/ETL_pipeline.py', '--cfg-path', '/tmp/tmpq6xv55mz']
[2026-03-18T15:48:37.081+0000] {standard_task_runner.py:88} INFO - Job 44: Subtask extract_data
[2026-03-18T15:48:37.245+0000] {task_command.py:423} INFO - Running <TaskInstance: pipeline_ETL.extract_data manual__2026-03-18T15:48:34.273393+00:00 [running]> on host 57dd1bcf62af
[2026-03-18T15:48:37.456+0000] {taskinstance.py:2480} INFO - Exporting env vars: AIRFLOW_CTX_DAG_OWNER='ETL_TBD_ATUT_2026' AIRFLOW_CTX_DAG_ID='pipeline_ETL' AIRFLOW_CTX_TASK_ID='extract_data' AIRFLOW_CTX_EXECUTION_DATE='2026-03-18T15:48:34.273393+00:00' AIRFLOW_CTX_TRY_NUMBER='1' AIRFLOW_CTX_DAG_RUN_ID='manual__2026-03-18T15:48:34.273393+00:00'
[2026-03-18T15:48:37.460+0000] {subprocess.py:63} INFO - Tmp dir root location: /tmp
[2026-03-18T15:48:37.463+0000] {subprocess.py:75} INFO - Running command: ['/usr/bin/bash', '-c', 'python3 /opt/spark/jobs/extraction.py']
[2026-03-18T15:48:37.479+0000] {subprocess.py:86} INFO - Output:
[2026-03-18T15:48:44.665+0000] {subprocess.py:93} INFO - :: loading settings :: url = jar:file:/home/***/.local/lib/python3.8/site-packages/pyspark/jars/ivy-2.5.1.jar!/org/apache/ivy/core/settings/ivysettings.xml
[2026-03-18T15:48:44.882+0000] {subprocess.py:93} INFO - Ivy Default Cache set to: /home/***/.ivy2/cache
[2026-03-18T15:48:44.883+0000] {subprocess.py:93} INFO - The jars for the packages stored in: /home/***/.ivy2/jars
[2026-03-18T15:48:44.893+0000] {subprocess.py:93} INFO - org.apache.hadoop#hadoop-aws added as a dependency
[2026-03-18T15:48:44.894+0000] {subprocess.py:93} INFO - com.amazonaws#aws-java-sdk-bundle added as a dependency
[2026-03-18T15:48:44.896+0000] {subprocess.py:93} INFO - :: resolving dependencies :: org.apache.spark#spark-submit-parent-0ac18717-5306-4ceb-bf7f-6d5e16bce5f2;1.0
[2026-03-18T15:48:44.897+0000] {subprocess.py:93} INFO - 	confs: [default]
[2026-03-18T15:48:45.267+0000] {subprocess.py:93} INFO - 	found org.apache.hadoop#hadoop-aws;3.3.4 in central
[2026-03-18T15:48:45.325+0000] {subprocess.py:93} INFO - 	found com.amazonaws#aws-java-sdk-bundle;1.12.262 in central
[2026-03-18T15:48:45.398+0000] {subprocess.py:93} INFO - 	found org.wildfly.openssl#wildfly-openssl;1.0.7.Final in central
[2026-03-18T15:48:45.456+0000] {subprocess.py:93} INFO - :: resolution report :: resolve 537ms :: artifacts dl 22ms
[2026-03-18T15:48:45.458+0000] {subprocess.py:93} INFO - 	:: modules in use:
[2026-03-18T15:48:45.459+0000] {subprocess.py:93} INFO - 	com.amazonaws#aws-java-sdk-bundle;1.12.262 from central in [default]
[2026-03-18T15:48:45.461+0000] {subprocess.py:93} INFO - 	org.apache.hadoop#hadoop-aws;3.3.4 from central in [default]
[2026-03-18T15:48:45.462+0000] {subprocess.py:93} INFO - 	org.wildfly.openssl#wildfly-openssl;1.0.7.Final from central in [default]
[2026-03-18T15:48:45.464+0000] {subprocess.py:93} INFO - 	---------------------------------------------------------------------
[2026-03-18T15:48:45.465+0000] {subprocess.py:93} INFO - 	|                  |            modules            ||   artifacts   |
[2026-03-18T15:48:45.467+0000] {subprocess.py:93} INFO - 	|       conf       | number| search|dwnlded|evicted|| number|dwnlded|
[2026-03-18T15:48:45.468+0000] {subprocess.py:93} INFO - 	---------------------------------------------------------------------
[2026-03-18T15:48:45.470+0000] {subprocess.py:93} INFO - 	|      default     |   3   |   0   |   0   |   0   ||   3   |   0   |
[2026-03-18T15:48:45.471+0000] {subprocess.py:93} INFO - 	---------------------------------------------------------------------
[2026-03-18T15:48:45.474+0000] {subprocess.py:93} INFO - :: retrieving :: org.apache.spark#spark-submit-parent-0ac18717-5306-4ceb-bf7f-6d5e16bce5f2
[2026-03-18T15:48:45.475+0000] {subprocess.py:93} INFO - 	confs: [default]
[2026-03-18T15:48:45.491+0000] {subprocess.py:93} INFO - 	0 artifacts copied, 3 already retrieved (0kB/16ms)
[2026-03-18T15:48:46.142+0000] {subprocess.py:93} INFO - 26/03/18 15:48:46 WARN NativeCodeLoader: Unable to load native-hadoop library for your platform... using builtin-java classes where applicable
[2026-03-18T15:48:46.747+0000] {subprocess.py:93} INFO - Setting default log level to "WARN".
[2026-03-18T15:48:46.749+0000] {subprocess.py:93} INFO - To adjust logging level use sc.setLogLevel(newLevel). For SparkR, use setLogLevel(newLevel).
[2026-03-18T15:48:57.650+0000] {subprocess.py:93} INFO - {"time": "2026-03-18 15:48:57,650", "level": "INFO", "message": "\ud83c\udf89 D\u00e9but de l'extraction des fichiers CSV vers MinIO", "module": "extraction"}
[2026-03-18T15:49:16.549+0000] {subprocess.py:93} INFO - [Stage 0:>                                                          (0 + 1) / 1]                                                                                [Stage 1:>                                                          (0 + 5) / 5][Stage 1:===========>                                               (1 + 4) / 5]                                                                                [Stage 2:>                                                          (0 + 5) / 5]                                                                                {"time": "2026-03-18 15:49:16,548", "level": "INFO", "message": "\u2705 livres_externe_clean.csv lu : 271360 lignes", "module": "extraction"}
[2026-03-18T15:49:26.589+0000] {subprocess.py:93} INFO - [Stage 6:>                                                          (0 + 1) / 1]                                                                                {"time": "2026-03-18 15:49:26,588", "level": "INFO", "message": "\ud83d\udce6 livres_externe_clean.csv charg\u00e9 dans MinIO : s3a://extraction/livres_externe_clean.csv (dur\u00e9e 9.52s)", "module": "extraction"}
[2026-03-18T15:49:27.560+0000] {subprocess.py:93} INFO - {"time": "2026-03-18 15:49:27,560", "level": "INFO", "message": "\u2705 livres_scraping.csv lu : 200 lignes", "module": "extraction"}
[2026-03-18T15:49:29.054+0000] {subprocess.py:93} INFO - {"time": "2026-03-18 15:49:29,054", "level": "INFO", "message": "\ud83d\udce6 livres_scraping.csv charg\u00e9 dans MinIO : s3a://extraction/livres_scraping.csv (dur\u00e9e 1.24s)", "module": "extraction"}
[2026-03-18T15:49:30.350+0000] {subprocess.py:93} INFO - {"time": "2026-03-18 15:49:30,349", "level": "INFO", "message": "\u2705 api_livres.csv lu : 1000 lignes", "module": "extraction"}
[2026-03-18T15:49:32.470+0000] {subprocess.py:93} INFO - {"time": "2026-03-18 15:49:32,470", "level": "INFO", "message": "\ud83d\udce6 api_livres.csv charg\u00e9 dans MinIO : s3a://extraction/api_livres.csv (dur\u00e9e 1.78s)", "module": "extraction"}
[2026-03-18T15:49:32.849+0000] {subprocess.py:93} INFO - {"time": "2026-03-18 15:49:32,849", "level": "INFO", "message": "\ud83c\udf89 Tous les fichiers CSV ont \u00e9t\u00e9 charg\u00e9s dans le bucket MinIO.", "module": "extraction"}
[2026-03-18T15:49:32.857+0000] {subprocess.py:93} INFO - {"time": "2026-03-18 15:49:32,849", "level": "INFO", "message": "{\"step\": \"run_extraction\", \"duration_sec\": 54.090404987335205}", "module": "etl_monitoring"}
[2026-03-18T15:49:32.858+0000] {subprocess.py:93} INFO - +----------+--------------------+--------------------+-----+--------+------------+------+
[2026-03-18T15:49:32.859+0000] {subprocess.py:93} INFO - |ISBN      |title               |author              |price|category|availability|source|
[2026-03-18T15:49:32.861+0000] {subprocess.py:93} INFO - +----------+--------------------+--------------------+-----+--------+------------+------+
[2026-03-18T15:49:32.862+0000] {subprocess.py:93} INFO - |0195153448|Classical Mythology |Mark P. O. Morford  |NULL |NULL    |NULL        |csv   |
[2026-03-18T15:49:32.864+0000] {subprocess.py:93} INFO - |0002005018|Clara Callan        |Richard Bruce Wright|NULL |NULL    |NULL        |csv   |
[2026-03-18T15:49:32.865+0000] {subprocess.py:93} INFO - |0060973129|Decision in Normandy|Carlo D'Este        |NULL |NULL    |NULL        |csv   |
[2026-03-18T15:49:32.866+0000] {subprocess.py:93} INFO - +----------+--------------------+--------------------+-----+--------+------------+------+
[2026-03-18T15:49:32.867+0000] {subprocess.py:93} INFO - only showing top 3 rows
[2026-03-18T15:49:32.869+0000] {subprocess.py:93} INFO - 
[2026-03-18T15:49:32.870+0000] {subprocess.py:93} INFO - +----+--------------------+------+------+--------+------------+--------+
[2026-03-18T15:49:32.872+0000] {subprocess.py:93} INFO - |ISBN|title               |author|price |category|availability|source  |
[2026-03-18T15:49:32.874+0000] {subprocess.py:93} INFO - +----+--------------------+------+------+--------+------------+--------+
[2026-03-18T15:49:32.876+0000] {subprocess.py:93} INFO - |NULL|A Light in the Attic|NULL  |£51.77|NULL    |In stock    |scraping|
[2026-03-18T15:49:32.877+0000] {subprocess.py:93} INFO - |NULL|Tipping the Velvet  |NULL  |£53.74|NULL    |In stock    |scraping|
[2026-03-18T15:49:32.878+0000] {subprocess.py:93} INFO - |NULL|Soumission          |NULL  |£50.10|NULL    |In stock    |scraping|
[2026-03-18T15:49:32.879+0000] {subprocess.py:93} INFO - +----+--------------------+------+------+--------+------------+--------+
[2026-03-18T15:49:32.881+0000] {subprocess.py:93} INFO - only showing top 3 rows
[2026-03-18T15:49:32.882+0000] {subprocess.py:93} INFO - 
[2026-03-18T15:49:32.883+0000] {subprocess.py:93} INFO - +----+---------------+-----------------------+-----+--------+------------+-------------------+
[2026-03-18T15:49:32.885+0000] {subprocess.py:93} INFO - |ISBN|title          |author                 |price|category|availability|source             |
[2026-03-18T15:49:32.886+0000] {subprocess.py:93} INFO - +----+---------------+-----------------------+-----+--------+------------+-------------------+
[2026-03-18T15:49:32.887+0000] {subprocess.py:93} INFO - |NULL|Metamorphoses  |Ovid                   |NULL |NULL    |NULL        |API openlibrary.org|
[2026-03-18T15:49:32.889+0000] {subprocess.py:93} INFO - |NULL|Learning Python|Mark Lutz, David Ascher|NULL |NULL    |NULL        |API openlibrary.org|
[2026-03-18T15:49:32.891+0000] {subprocess.py:93} INFO - |NULL|Python         |Mark Lutz              |NULL |NULL    |NULL        |API openlibrary.org|
[2026-03-18T15:49:32.892+0000] {subprocess.py:93} INFO - +----+---------------+-----------------------+-----+--------+------------+-------------------+
[2026-03-18T15:49:32.894+0000] {subprocess.py:93} INFO - only showing top 3 rows
[2026-03-18T15:49:32.895+0000] {subprocess.py:93} INFO - 
[2026-03-18T15:49:33.462+0000] {subprocess.py:97} INFO - Command exited with return code 0
[2026-03-18T15:49:33.563+0000] {taskinstance.py:1138} INFO - Marking task as SUCCESS. dag_id=pipeline_ETL, task_id=extract_data, execution_date=20260318T154834, start_date=20260318T154836, end_date=20260318T154933
[2026-03-18T15:49:33.652+0000] {local_task_job_runner.py:234} INFO - Task exited with return code 0
[2026-03-18T15:49:33.702+0000] {taskinstance.py:3280} INFO - 0 downstream tasks scheduled from follow-on schedule check
