[2026-03-17T10:51:01.268+0000] {taskinstance.py:1956} INFO - Dependencies all met for dep_context=non-requeueable deps ti=<TaskInstance: etl_pipeline_finale.transform_data manual__2026-03-17T10:45:11.907003+00:00 [queued]>
[2026-03-17T10:51:01.292+0000] {taskinstance.py:1956} INFO - Dependencies all met for dep_context=requeueable deps ti=<TaskInstance: etl_pipeline_finale.transform_data manual__2026-03-17T10:45:11.907003+00:00 [queued]>
[2026-03-17T10:51:01.293+0000] {taskinstance.py:2170} INFO - Starting attempt 3 of 3
[2026-03-17T10:51:01.351+0000] {taskinstance.py:2191} INFO - Executing <Task(BashOperator): transform_data> on 2026-03-17 10:45:11.907003+00:00
[2026-03-17T10:51:01.361+0000] {standard_task_runner.py:60} INFO - Started process 721 to run task
[2026-03-17T10:51:01.373+0000] {standard_task_runner.py:87} INFO - Running: ['***', 'tasks', 'run', 'etl_pipeline_finale', 'transform_data', 'manual__2026-03-17T10:45:11.907003+00:00', '--job-id', '20', '--raw', '--subdir', 'DAGS_FOLDER/ETL_pipeline.py', '--cfg-path', '/tmp/tmpeem4gyks']
[2026-03-17T10:51:01.381+0000] {standard_task_runner.py:88} INFO - Job 20: Subtask transform_data
[2026-03-17T10:51:01.537+0000] {task_command.py:423} INFO - Running <TaskInstance: etl_pipeline_finale.transform_data manual__2026-03-17T10:45:11.907003+00:00 [running]> on host 57dd1bcf62af
[2026-03-17T10:51:01.724+0000] {taskinstance.py:2480} INFO - Exporting env vars: AIRFLOW_CTX_DAG_OWNER='ETL_TBD_ATUT_2026' AIRFLOW_CTX_DAG_ID='etl_pipeline_finale' AIRFLOW_CTX_TASK_ID='transform_data' AIRFLOW_CTX_EXECUTION_DATE='2026-03-17T10:45:11.907003+00:00' AIRFLOW_CTX_TRY_NUMBER='3' AIRFLOW_CTX_DAG_RUN_ID='manual__2026-03-17T10:45:11.907003+00:00'
[2026-03-17T10:51:01.728+0000] {subprocess.py:63} INFO - Tmp dir root location: /tmp
[2026-03-17T10:51:01.730+0000] {subprocess.py:75} INFO - Running command: ['/usr/bin/bash', '-c', '\n        docker exec -i --user root spark         /opt/spark/bin/spark-submit         --conf spark.jars.ivy=/tmp/ivy         --conf spark.hadoop.fs.s3a.endpoint=$MINIO_ENDPOINT         --conf spark.hadoop.fs.s3a.access.key=$MINIO_ACCESS_KEY         --conf spark.hadoop.fs.s3a.secret.key=$MINIO_SECRET_KEY         --conf spark.hadoop.fs.s3a.path.style.access=true         --conf spark.hadoop.fs.s3a.impl=org.apache.hadoop.fs.s3a.S3AFileSystem         --packages org.apache.hadoop:hadoop-aws:3.3.4         /opt/spark/jobs/transformation.py\n        ']
[2026-03-17T10:51:01.748+0000] {subprocess.py:86} INFO - Output:
[2026-03-17T10:51:08.021+0000] {subprocess.py:93} INFO - ERROR StatusLogger Could not determine local host name
[2026-03-17T10:51:08.023+0000] {subprocess.py:93} INFO -  java.net.UnknownHostException: spark: spark: Temporary failure in name resolution
[2026-03-17T10:51:08.032+0000] {subprocess.py:93} INFO - 	at java.base/java.net.InetAddress.getLocalHost(Unknown Source)
[2026-03-17T10:51:08.035+0000] {subprocess.py:93} INFO - 	at org.apache.logging.log4j.core.util.NetUtils.getLocalHostname(NetUtils.java:56)
[2026-03-17T10:51:08.036+0000] {subprocess.py:93} INFO - 	at org.apache.logging.log4j.core.LoggerContext.lambda$setConfiguration$0(LoggerContext.java:615)
[2026-03-17T10:51:08.039+0000] {subprocess.py:93} INFO - 	at java.base/java.util.concurrent.ConcurrentHashMap.computeIfAbsent(Unknown Source)
[2026-03-17T10:51:08.041+0000] {subprocess.py:93} INFO - 	at org.apache.logging.log4j.core.LoggerContext.setConfiguration(LoggerContext.java:615)
[2026-03-17T10:51:08.042+0000] {subprocess.py:93} INFO - 	at org.apache.logging.log4j.core.LoggerContext.reconfigure(LoggerContext.java:694)
[2026-03-17T10:51:08.044+0000] {subprocess.py:93} INFO - 	at org.apache.logging.log4j.core.LoggerContext.reconfigure(LoggerContext.java:711)
[2026-03-17T10:51:08.045+0000] {subprocess.py:93} INFO - 	at org.apache.logging.log4j.core.LoggerContext.start(LoggerContext.java:253)
[2026-03-17T10:51:08.046+0000] {subprocess.py:93} INFO - 	at org.apache.logging.log4j.core.impl.Log4jContextFactory.getContext(Log4jContextFactory.java:245)
[2026-03-17T10:51:08.048+0000] {subprocess.py:93} INFO - 	at org.apache.logging.log4j.core.impl.Log4jContextFactory.getContext(Log4jContextFactory.java:47)
[2026-03-17T10:51:08.049+0000] {subprocess.py:93} INFO - 	at org.apache.logging.log4j.LogManager.getContext(LogManager.java:176)
[2026-03-17T10:51:08.050+0000] {subprocess.py:93} INFO - 	at org.apache.logging.log4j.LogManager.getLogger(LogManager.java:666)
[2026-03-17T10:51:08.051+0000] {subprocess.py:93} INFO - 	at org.apache.logging.log4j.LogManager.getRootLogger(LogManager.java:700)
[2026-03-17T10:51:08.052+0000] {subprocess.py:93} INFO - 	at org.apache.spark.internal.Logging.initializeLogging(Logging.scala:129)
[2026-03-17T10:51:08.053+0000] {subprocess.py:93} INFO - 	at org.apache.spark.internal.Logging.initializeLogIfNecessary(Logging.scala:114)
[2026-03-17T10:51:08.054+0000] {subprocess.py:93} INFO - 	at org.apache.spark.internal.Logging.initializeLogIfNecessary$(Logging.scala:108)
[2026-03-17T10:51:08.055+0000] {subprocess.py:93} INFO - 	at org.apache.spark.deploy.SparkSubmit.initializeLogIfNecessary(SparkSubmit.scala:76)
[2026-03-17T10:51:08.058+0000] {subprocess.py:93} INFO - 	at org.apache.spark.deploy.SparkSubmit.doSubmit(SparkSubmit.scala:84)
[2026-03-17T10:51:08.059+0000] {subprocess.py:93} INFO - 	at org.apache.spark.deploy.SparkSubmit$$anon$2.doSubmit(SparkSubmit.scala:1120)
[2026-03-17T10:51:08.060+0000] {subprocess.py:93} INFO - 	at org.apache.spark.deploy.SparkSubmit$.main(SparkSubmit.scala:1129)
[2026-03-17T10:51:08.061+0000] {subprocess.py:93} INFO - 	at org.apache.spark.deploy.SparkSubmit.main(SparkSubmit.scala)
[2026-03-17T10:51:08.062+0000] {subprocess.py:93} INFO - Caused by: java.net.UnknownHostException: spark: Temporary failure in name resolution
[2026-03-17T10:51:08.063+0000] {subprocess.py:93} INFO - 	at java.base/java.net.Inet6AddressImpl.lookupAllHostAddr(Native Method)
[2026-03-17T10:51:08.065+0000] {subprocess.py:93} INFO - 	at java.base/java.net.InetAddress$PlatformNameService.lookupAllHostAddr(Unknown Source)
[2026-03-17T10:51:08.066+0000] {subprocess.py:93} INFO - 	at java.base/java.net.InetAddress.getAddressesFromNameService(Unknown Source)
[2026-03-17T10:51:08.068+0000] {subprocess.py:93} INFO - 	at java.base/java.net.InetAddress$NameServiceAddresses.get(Unknown Source)
[2026-03-17T10:51:08.069+0000] {subprocess.py:93} INFO - 	at java.base/java.net.InetAddress.getAllByName0(Unknown Source)
[2026-03-17T10:51:08.070+0000] {subprocess.py:93} INFO - 	... 21 more
[2026-03-17T10:51:08.492+0000] {subprocess.py:93} INFO - ERROR StatusConsoleListener Could not determine local host name
[2026-03-17T10:51:08.494+0000] {subprocess.py:93} INFO -  java.net.UnknownHostException: spark: spark: Temporary failure in name resolution
[2026-03-17T10:51:08.496+0000] {subprocess.py:93} INFO - 	at java.base/java.net.InetAddress.getLocalHost(Unknown Source)
[2026-03-17T10:51:08.500+0000] {subprocess.py:93} INFO - 	at org.apache.logging.log4j.core.util.NetUtils.getLocalHostname(NetUtils.java:56)
[2026-03-17T10:51:08.505+0000] {subprocess.py:93} INFO - 	at org.apache.logging.log4j.core.LoggerContext.lambda$setConfiguration$0(LoggerContext.java:615)
[2026-03-17T10:51:08.510+0000] {subprocess.py:93} INFO - 	at java.base/java.util.concurrent.ConcurrentHashMap.computeIfAbsent(Unknown Source)
[2026-03-17T10:51:08.513+0000] {subprocess.py:93} INFO - 	at org.apache.logging.log4j.core.LoggerContext.setConfiguration(LoggerContext.java:615)
[2026-03-17T10:51:08.515+0000] {subprocess.py:93} INFO - 	at org.apache.logging.log4j.core.LoggerContext.reconfigure(LoggerContext.java:694)
[2026-03-17T10:51:08.517+0000] {subprocess.py:93} INFO - 	at org.apache.logging.log4j.core.LoggerContext.setConfigLocation(LoggerContext.java:679)
[2026-03-17T10:51:08.519+0000] {subprocess.py:93} INFO - 	at org.apache.spark.internal.Logging.initializeLogging(Logging.scala:139)
[2026-03-17T10:51:08.521+0000] {subprocess.py:93} INFO - 	at org.apache.spark.internal.Logging.initializeLogIfNecessary(Logging.scala:114)
[2026-03-17T10:51:08.523+0000] {subprocess.py:93} INFO - 	at org.apache.spark.internal.Logging.initializeLogIfNecessary$(Logging.scala:108)
[2026-03-17T10:51:08.525+0000] {subprocess.py:93} INFO - 	at org.apache.spark.deploy.SparkSubmit.initializeLogIfNecessary(SparkSubmit.scala:76)
[2026-03-17T10:51:08.527+0000] {subprocess.py:93} INFO - 	at org.apache.spark.deploy.SparkSubmit.doSubmit(SparkSubmit.scala:84)
[2026-03-17T10:51:08.529+0000] {subprocess.py:93} INFO - 	at org.apache.spark.deploy.SparkSubmit$$anon$2.doSubmit(SparkSubmit.scala:1120)
[2026-03-17T10:51:08.531+0000] {subprocess.py:93} INFO - 	at org.apache.spark.deploy.SparkSubmit$.main(SparkSubmit.scala:1129)
[2026-03-17T10:51:08.533+0000] {subprocess.py:93} INFO - 	at org.apache.spark.deploy.SparkSubmit.main(SparkSubmit.scala)
[2026-03-17T10:51:08.534+0000] {subprocess.py:93} INFO - Caused by: java.net.UnknownHostException: spark: Temporary failure in name resolution
[2026-03-17T10:51:08.537+0000] {subprocess.py:93} INFO - 	at java.base/java.net.Inet6AddressImpl.lookupAllHostAddr(Native Method)
[2026-03-17T10:51:08.539+0000] {subprocess.py:93} INFO - 	at java.base/java.net.InetAddress$PlatformNameService.lookupAllHostAddr(Unknown Source)
[2026-03-17T10:51:08.541+0000] {subprocess.py:93} INFO - 	at java.base/java.net.InetAddress.getAddressesFromNameService(Unknown Source)
[2026-03-17T10:51:08.543+0000] {subprocess.py:93} INFO - 	at java.base/java.net.InetAddress$NameServiceAddresses.get(Unknown Source)
[2026-03-17T10:51:08.544+0000] {subprocess.py:93} INFO - 	at java.base/java.net.InetAddress.getAllByName0(Unknown Source)
[2026-03-17T10:51:08.546+0000] {subprocess.py:93} INFO - 	... 15 more
[2026-03-17T10:51:09.927+0000] {subprocess.py:93} INFO - Exception in thread "main" java.lang.ExceptionInInitializerError
[2026-03-17T10:51:09.931+0000] {subprocess.py:93} INFO - 	at org.apache.spark.deploy.SparkSubmitArguments.$anonfun$loadEnvironmentArguments$5(SparkSubmitArguments.scala:163)
[2026-03-17T10:51:09.933+0000] {subprocess.py:93} INFO - 	at scala.Option.orElse(Option.scala:447)
[2026-03-17T10:51:09.934+0000] {subprocess.py:93} INFO - 	at org.apache.spark.deploy.SparkSubmitArguments.loadEnvironmentArguments(SparkSubmitArguments.scala:163)
[2026-03-17T10:51:09.936+0000] {subprocess.py:93} INFO - 	at org.apache.spark.deploy.SparkSubmitArguments.<init>(SparkSubmitArguments.scala:118)
[2026-03-17T10:51:09.937+0000] {subprocess.py:93} INFO - 	at org.apache.spark.deploy.SparkSubmit$$anon$2$$anon$3.<init>(SparkSubmit.scala:1103)
[2026-03-17T10:51:09.939+0000] {subprocess.py:93} INFO - 	at org.apache.spark.deploy.SparkSubmit$$anon$2.parseArguments(SparkSubmit.scala:1103)
[2026-03-17T10:51:09.941+0000] {subprocess.py:93} INFO - 	at org.apache.spark.deploy.SparkSubmit.doSubmit(SparkSubmit.scala:86)
[2026-03-17T10:51:09.942+0000] {subprocess.py:93} INFO - 	at org.apache.spark.deploy.SparkSubmit$$anon$2.doSubmit(SparkSubmit.scala:1120)
[2026-03-17T10:51:09.943+0000] {subprocess.py:93} INFO - 	at org.apache.spark.deploy.SparkSubmit$.main(SparkSubmit.scala:1129)
[2026-03-17T10:51:09.944+0000] {subprocess.py:93} INFO - 	at org.apache.spark.deploy.SparkSubmit.main(SparkSubmit.scala)
[2026-03-17T10:51:09.945+0000] {subprocess.py:93} INFO - Caused by: java.net.UnknownHostException: spark: spark: Temporary failure in name resolution
[2026-03-17T10:51:09.946+0000] {subprocess.py:93} INFO - 	at java.base/java.net.InetAddress.getLocalHost(Unknown Source)
[2026-03-17T10:51:09.947+0000] {subprocess.py:93} INFO - 	at org.apache.spark.util.Utils$.findLocalInetAddress(Utils.scala:957)
[2026-03-17T10:51:09.950+0000] {subprocess.py:93} INFO - 	at org.apache.spark.util.Utils$.localIpAddress$lzycompute(Utils.scala:950)
[2026-03-17T10:51:09.952+0000] {subprocess.py:93} INFO - 	at org.apache.spark.util.Utils$.localIpAddress(Utils.scala:950)
[2026-03-17T10:51:09.953+0000] {subprocess.py:93} INFO - 	at org.apache.spark.util.Utils$.$anonfun$localCanonicalHostName$1(Utils.scala:1007)
[2026-03-17T10:51:09.954+0000] {subprocess.py:93} INFO - 	at scala.Option.getOrElse(Option.scala:189)
[2026-03-17T10:51:09.955+0000] {subprocess.py:93} INFO - 	at org.apache.spark.util.Utils$.localCanonicalHostName(Utils.scala:1007)
[2026-03-17T10:51:09.958+0000] {subprocess.py:93} INFO - 	at org.apache.spark.internal.config.package$.<init>(package.scala:1063)
[2026-03-17T10:51:09.960+0000] {subprocess.py:93} INFO - 	at org.apache.spark.internal.config.package$.<clinit>(package.scala)
[2026-03-17T10:51:09.961+0000] {subprocess.py:93} INFO - 	... 10 more
[2026-03-17T10:51:09.962+0000] {subprocess.py:93} INFO - Caused by: java.net.UnknownHostException: spark: Temporary failure in name resolution
[2026-03-17T10:51:09.964+0000] {subprocess.py:93} INFO - 	at java.base/java.net.Inet6AddressImpl.lookupAllHostAddr(Native Method)
[2026-03-17T10:51:09.965+0000] {subprocess.py:93} INFO - 	at java.base/java.net.InetAddress$PlatformNameService.lookupAllHostAddr(Unknown Source)
[2026-03-17T10:51:09.966+0000] {subprocess.py:93} INFO - 	at java.base/java.net.InetAddress.getAddressesFromNameService(Unknown Source)
[2026-03-17T10:51:09.968+0000] {subprocess.py:93} INFO - 	at java.base/java.net.InetAddress$NameServiceAddresses.get(Unknown Source)
[2026-03-17T10:51:09.970+0000] {subprocess.py:93} INFO - 	at java.base/java.net.InetAddress.getAllByName0(Unknown Source)
[2026-03-17T10:51:09.972+0000] {subprocess.py:93} INFO - 	... 19 more
[2026-03-17T10:51:10.014+0000] {subprocess.py:97} INFO - Command exited with return code 1
[2026-03-17T10:51:10.046+0000] {taskinstance.py:2698} ERROR - Task failed with exception
Traceback (most recent call last):
  File "/home/airflow/.local/lib/python3.8/site-packages/airflow/models/taskinstance.py", line 433, in _execute_task
    result = execute_callable(context=context, **execute_callable_kwargs)
  File "/home/airflow/.local/lib/python3.8/site-packages/airflow/operators/bash.py", line 212, in execute
    raise AirflowException(
airflow.exceptions.AirflowException: Bash command failed. The command returned a non-zero exit code 1.
[2026-03-17T10:51:10.054+0000] {taskinstance.py:1138} INFO - Marking task as FAILED. dag_id=etl_pipeline_finale, task_id=transform_data, execution_date=20260317T104511, start_date=20260317T105101, end_date=20260317T105110
[2026-03-17T10:51:10.100+0000] {standard_task_runner.py:107} ERROR - Failed to execute job 20 for task transform_data (Bash command failed. The command returned a non-zero exit code 1.; 721)
[2026-03-17T10:51:10.136+0000] {local_task_job_runner.py:234} INFO - Task exited with return code 1
[2026-03-17T10:51:10.198+0000] {taskinstance.py:3280} INFO - 0 downstream tasks scheduled from follow-on schedule check
