[2026-03-17T10:33:30.423+0000] {taskinstance.py:1956} INFO - Dependencies all met for dep_context=non-requeueable deps ti=<TaskInstance: etl_pipeline_finale.transform_data manual__2026-03-17T10:32:27.257261+00:00 [queued]>
[2026-03-17T10:33:30.442+0000] {taskinstance.py:1956} INFO - Dependencies all met for dep_context=requeueable deps ti=<TaskInstance: etl_pipeline_finale.transform_data manual__2026-03-17T10:32:27.257261+00:00 [queued]>
[2026-03-17T10:33:30.443+0000] {taskinstance.py:2170} INFO - Starting attempt 1 of 3
[2026-03-17T10:33:30.487+0000] {taskinstance.py:2191} INFO - Executing <Task(BashOperator): transform_data> on 2026-03-17 10:32:27.257261+00:00
[2026-03-17T10:33:30.494+0000] {standard_task_runner.py:60} INFO - Started process 1707 to run task
[2026-03-17T10:33:30.500+0000] {standard_task_runner.py:87} INFO - Running: ['***', 'tasks', 'run', 'etl_pipeline_finale', 'transform_data', 'manual__2026-03-17T10:32:27.257261+00:00', '--job-id', '12', '--raw', '--subdir', 'DAGS_FOLDER/ETL_pipeline.py', '--cfg-path', '/tmp/tmpsz9d0z6j']
[2026-03-17T10:33:30.504+0000] {standard_task_runner.py:88} INFO - Job 12: Subtask transform_data
[2026-03-17T10:33:30.619+0000] {task_command.py:423} INFO - Running <TaskInstance: etl_pipeline_finale.transform_data manual__2026-03-17T10:32:27.257261+00:00 [running]> on host 57dd1bcf62af
[2026-03-17T10:33:30.815+0000] {taskinstance.py:2480} INFO - Exporting env vars: AIRFLOW_CTX_DAG_OWNER='ETL_TBD_ATUT_2026' AIRFLOW_CTX_DAG_ID='etl_pipeline_finale' AIRFLOW_CTX_TASK_ID='transform_data' AIRFLOW_CTX_EXECUTION_DATE='2026-03-17T10:32:27.257261+00:00' AIRFLOW_CTX_TRY_NUMBER='1' AIRFLOW_CTX_DAG_RUN_ID='manual__2026-03-17T10:32:27.257261+00:00'
[2026-03-17T10:33:30.819+0000] {subprocess.py:63} INFO - Tmp dir root location: /tmp
[2026-03-17T10:33:30.821+0000] {subprocess.py:75} INFO - Running command: ['/usr/bin/bash', '-c', '\n        docker exec -i --user root spark         /opt/spark/bin/spark-submit         --conf spark.jars.ivy=/tmp/ivy         --conf spark.hadoop.fs.s3a.endpoint=$MINIO_ENDPOINT         --conf spark.hadoop.fs.s3a.access.key=$MINIO_ACCESS_KEY         --conf spark.hadoop.fs.s3a.secret.key=$MINIO_SECRET_KEY         --conf spark.hadoop.fs.s3a.path.style.access=true         --conf spark.hadoop.fs.s3a.impl=org.apache.hadoop.fs.s3a.S3AFileSystem         --packages org.apache.hadoop:hadoop-aws:3.3.4         /opt/spark/jobs/transformation.py\n        ']
[2026-03-17T10:33:30.843+0000] {subprocess.py:86} INFO - Output:
[2026-03-17T10:33:30.917+0000] {subprocess.py:93} INFO - Error response from daemon: container 810983485a77b67e157b7a2a023ac04c74a89b8e8b10d8cbc2d81e3c877fa912 is not running
[2026-03-17T10:33:30.922+0000] {subprocess.py:97} INFO - Command exited with return code 1
[2026-03-17T10:33:30.949+0000] {taskinstance.py:2698} ERROR - Task failed with exception
Traceback (most recent call last):
  File "/home/airflow/.local/lib/python3.8/site-packages/airflow/models/taskinstance.py", line 433, in _execute_task
    result = execute_callable(context=context, **execute_callable_kwargs)
  File "/home/airflow/.local/lib/python3.8/site-packages/airflow/operators/bash.py", line 212, in execute
    raise AirflowException(
airflow.exceptions.AirflowException: Bash command failed. The command returned a non-zero exit code 1.
[2026-03-17T10:33:30.973+0000] {taskinstance.py:1138} INFO - Marking task as UP_FOR_RETRY. dag_id=etl_pipeline_finale, task_id=transform_data, execution_date=20260317T103227, start_date=20260317T103330, end_date=20260317T103330
[2026-03-17T10:33:31.031+0000] {standard_task_runner.py:107} ERROR - Failed to execute job 12 for task transform_data (Bash command failed. The command returned a non-zero exit code 1.; 1707)
[2026-03-17T10:33:31.076+0000] {local_task_job_runner.py:234} INFO - Task exited with return code 1
[2026-03-17T10:33:31.107+0000] {taskinstance.py:3280} INFO - 0 downstream tasks scheduled from follow-on schedule check
